BL51 BANKED LINKER/LOCATER V4.13                                                        07/27/2016  00:05:06  PAGE 1


BL51 BANKED LINKER/LOCATER V4.13, INVOKED BY:
C:\KEIL\C51\BIN\BL51.EXE main.obj, device_ctrl.obj, delay.obj, gprs_lib.obj, modbus_lib.obj, utils_lib.obj, eeprom.obj, 
>> st7567_lcd.obj, a6_module.obj, usart.obj TO grps_dtu


MEMORY MODEL: LARGE


INPUT MODULES INCLUDED:
  main.obj (MAIN)
  device_ctrl.obj (DEVICE_CTRL)
  delay.obj (DELAY)
  gprs_lib.obj (GPRS_LIB)
  modbus_lib.obj (MODBUS_LIB)
  utils_lib.obj (UTILS_LIB)
  eeprom.obj (EEPROM)
  st7567_lcd.obj (ST7567_LCD)
  a6_module.obj (A6_MODULE)
  usart.obj (USART)
  C:\KEIL\C51\LIB\C51L.LIB (?C_STARTUP)
  C:\KEIL\C51\LIB\C51L.LIB (?C?COPY)
  C:\KEIL\C51\LIB\C51L.LIB (?C?CLDPTR)
  C:\KEIL\C51\LIB\C51L.LIB (?C?CLDOPTR)
  C:\KEIL\C51\LIB\C51L.LIB (?C?CSTPTR)
  C:\KEIL\C51\LIB\C51L.LIB (?C?CSTOPTR)
  C:\KEIL\C51\LIB\C51L.LIB (?C?IMUL)
  C:\KEIL\C51\LIB\C51L.LIB (?C?SIDIV)
  C:\KEIL\C51\LIB\C51L.LIB (?C?IILDX)
  C:\KEIL\C51\LIB\C51L.LIB (?C?ILDIX)
  C:\KEIL\C51\LIB\C51L.LIB (?C?LLDOPTR)
  C:\KEIL\C51\LIB\C51L.LIB (?C?LSTPTR)
  C:\KEIL\C51\LIB\C51L.LIB (?C?LSTXDATA)
  C:\KEIL\C51\LIB\C51L.LIB (?C?LSTKXDATA)
  C:\KEIL\C51\LIB\C51L.LIB (PRINTF)
  C:\KEIL\C51\LIB\C51L.LIB (STRCAT)
  C:\KEIL\C51\LIB\C51L.LIB (?C?STRCPY)
  C:\KEIL\C51\LIB\C51L.LIB (STRLEN)
  C:\KEIL\C51\LIB\C51L.LIB (?C_INIT)
  C:\KEIL\C51\LIB\C51L.LIB (?C?UIDIV)
  C:\KEIL\C51\LIB\C51L.LIB (?C?LLDIDATA)
  C:\KEIL\C51\LIB\C51L.LIB (?C?LLDXDATA)
  C:\KEIL\C51\LIB\C51L.LIB (?C?LLDPDATA)
  C:\KEIL\C51\LIB\C51L.LIB (?C?LLDCODE)
  C:\KEIL\C51\LIB\C51L.LIB (?C?LSTIDATA)
  C:\KEIL\C51\LIB\C51L.LIB (?C?LSTPDATA)
  C:\KEIL\C51\LIB\C51L.LIB (?C?PLDIXDATA)
  C:\KEIL\C51\LIB\C51L.LIB (?C?PSTXDATA)
  C:\KEIL\C51\LIB\C51L.LIB (?C?CCASE)
  C:\KEIL\C51\LIB\C51L.LIB (PUTCHAR)


LINK MAP OF MODULE:  grps_dtu (MAIN)


            TYPE    BASE      LENGTH    RELOCATION   SEGMENT NAME
            -----------------------------------------------------

            * * * * * * *   D A T A   M E M O R Y   * * * * * * *
BL51 BANKED LINKER/LOCATER V4.13                                                      07/27/2016  00:05:06  PAGE 2


            REG     0000H     0008H     ABSOLUTE     "REG BANK 0"
            DATA    0008H     0005H     UNIT         _DATA_GROUP_
                    000DH     0013H                  *** GAP ***
            BIT     0020H.0   0001H.1   UNIT         _BIT_GROUP_
                    0021H.1   0000H.7                *** GAP ***
            IDATA   0022H     0023H     UNIT         ?ID?ST7567_LCD
            IDATA   0045H     0001H     UNIT         ?STACK

            * * * * * * *  X D A T A   M E M O R Y  * * * * * * *
            XDATA   0000H     0146H     UNIT         ?XD?USART
            XDATA   0146H     0133H     UNIT         ?XD?GPRS_LIB
            XDATA   0279H     00E0H     UNIT         ?XD?ST7567_LCD
            XDATA   0359H     0095H     UNIT         _XDATA_GROUP_
            XDATA   03EEH     0048H     UNIT         ?XD?MAIN
            XDATA   0436H     000EH     UNIT         ?XD?_DISPLAYCHAR?ST7567_LCD
            XDATA   0444H     0009H     UNIT         ?XD?_DISPLAYSTRING?ST7567_LCD
            XDATA   044DH     0008H     UNIT         ?XD?CURSOR2SCREEN?ST7567_LCD
            XDATA   0455H     0008H     UNIT         ?XD?_PRINTSTRING1?USART
            XDATA   045DH     0007H     UNIT         ?XD?_EEPROM_WRITE_N?EEPROM
            XDATA   0464H     0005H     UNIT         ?XD?_INPUTSTRING?ST7567_LCD
            XDATA   0469H     0004H     UNIT         ?XD?SETCURSORPOS?ST7567_LCD
            XDATA   046DH     0004H     UNIT         ?XD?_SENDSTRING?USART
            XDATA   0471H     0003H     UNIT         ?XD?_GET_CSQ?GPRS_LIB
            XDATA   0474H     0003H     UNIT         ?XD?_COMX_WRITE2BUFF?USART

            * * * * * * *   C O D E   M E M O R Y   * * * * * * *
            CODE    0000H     0003H     ABSOLUTE     
            CODE    0003H     0020H     UNIT         ?PR?_EEPROM_SECTORERASE?EEPROM
            CODE    0023H     0003H     ABSOLUTE     
            CODE    0026H     001DH     UNIT         ?PR?_HEXIT?GPRS_LIB
            CODE    0043H     0003H     ABSOLUTE     
            CODE    0046H     0050H     UNIT         ?PR?_RESETTXBUFFER?USART
            CODE    0096H     0005H     UNIT         ?PR?LCD_CLR?UTILS_LIB
            CODE    009BH     0003H     ABSOLUTE     
            CODE    009EH     043BH     UNIT         ?C?LIB_CODE
            CODE    04D9H     0365H     UNIT         ?PR?PRINTF?PRINTF
            CODE    083EH     0228H     UNIT         ?CO?MODBUS_LIB
            CODE    0A66H     01CFH     UNIT         ?PR?_READ_03_RESPONSE_PKG?MODBUS_LIB
            CODE    0C35H     018FH     UNIT         ?PR?_GPRS_SEND?GPRS_LIB
            CODE    0DC4H     015AH     UNIT         ?PR?_CREATE_DATA_PKG?GPRS_LIB
            CODE    0F1EH     0136H     UNIT         ?PR?_DISPLAYCHARWIDTHSCREENPOS?ST7567_LCD
            CODE    1054H     011CH     UNIT         ?C_INITSEG
            CODE    1170H     0101H     UNIT         ?PR?_READ_YS8156B_ANQI?MAIN
            CODE    1271H     0101H     UNIT         ?PR?_DISPLAYCHAR?ST7567_LCD
            CODE    1372H     00ECH     UNIT         ?PR?DO_SENSOR_TASK?MAIN
            CODE    145EH     00E5H     UNIT         ?PR?_USART_CONFIGURATION?USART
            CODE    1543H     00DDH     UNIT         ?PR?_LCD_PUTHEX?UTILS_LIB
            CODE    1620H     00DDH     UNIT         ?PR?_LCD_PUTHEX_2?UTILS_LIB
            CODE    16FDH     00D0H     UNIT         ?CO?GPRS_LIB
            CODE    17CDH     00C5H     UNIT         ?PR?_TCP_SEND?GPRS_LIB
            CODE    1892H     00C1H     UNIT         ?PR?_TCP_CONNECT?GPRS_LIB
            CODE    1953H     00B0H     UNIT         ?PR?_CREATE_03_PKG?MODBUS_LIB
            CODE    1A03H     00ABH     UNIT         ?PR?MAIN?MAIN
            CODE    1AAEH     009DH     UNIT         ?PR?_ATCMD2?GPRS_LIB
            CODE    1B4BH     009AH     UNIT         ?PR?UART1_INT?USART
            CODE    1BE5H     008CH     UNIT         ?C_C51STARTUP
            CODE    1C71H     0086H     UNIT         ?PR?GRPS_ATT_ACT?GPRS_LIB
BL51 BANKED LINKER/LOCATER V4.13                                                      07/27/2016  00:05:06  PAGE 3


            CODE    1CF7H     0084H     UNIT         ?PR?UART2_INT?USART
            CODE    1D7BH     0071H     UNIT         ?PR?INIT_ST7567_LCD?ST7567_LCD
            CODE    1DECH     006BH     UNIT         ?PR?_STRCAT?STRCAT
            CODE    1E57H     0068H     UNIT         ?PR?_ATCMD?GPRS_LIB
            CODE    1EBFH     0068H     UNIT         ?PR?_DISPLAYSTRINGWIDTHSCREENPOS?ST7567_LCD
            CODE    1F27H     0067H     UNIT         ?PR?TIMER3_INT?MAIN
            CODE    1F8EH     0065H     UNIT         ?PR?_DISPLAYSTRING?ST7567_LCD
            CODE    1FF3H     0058H     UNIT         ?PR?_EEPROM_READ_N?EEPROM
            CODE    204BH     0058H     UNIT         ?PR?_EEPROM_WRITE_N?EEPROM
            CODE    20A3H     0050H     UNIT         ?PR?_PRINTSTRING1?USART
            CODE    20F3H     0050H     UNIT         ?PR?_PRINTSTRING2?USART
            CODE    2143H     0049H     UNIT         ?PR?CURSORNEXT?ST7567_LCD
            CODE    218CH     0048H     UNIT         ?CO?MAIN
            CODE    21D4H     0047H     UNIT         ?PR?_CLEAR_SCREEN?ST7567_LCD
            CODE    221BH     0046H     UNIT         ?PR?_GEN_CRC_16?MODBUS_LIB
            CODE    2261H     0041H     UNIT         ?PR?_INPUTSTRING?ST7567_LCD
            CODE    22A2H     0040H     UNIT         ?PR?DO_IDLE?MAIN
            CODE    22E2H     003EH     UNIT         ?PR?_WRITE_ST7567_DISPLAY_DATA_SERIAL_4SPI?ST7567_LCD
            CODE    2320H     0039H     UNIT         ?PR?_GPRS_RX_INT?GPRS_LIB
            CODE    2359H     0035H     UNIT         ?PR?_SENDSTRING?USART
            CODE    238EH     0033H     UNIT         ?PR?CURSOR2SCREEN?ST7567_LCD
            CODE    23C1H     0033H     UNIT         ?PR?CURSORPRE?ST7567_LCD
            CODE    23F4H     0032H     UNIT         ?PR?_TX2_WRITE2BUFF?USART
            CODE    2426H     0031H     UNIT         ?PR?_TX1_WRITE2BUFF?USART
            CODE    2457H     002FH     UNIT         ?PR?_WRITE_ST7567_COM?ST7567_LCD
            CODE    2486H     002DH     UNIT         ?PR?_COMX_WRITE2BUFF?USART
            CODE    24B3H     0027H     UNIT         ?PR?PUTCHAR?PUTCHAR
            CODE    24DAH     0025H     UNIT         ?PR?_SET_EXPECTED_STR?GPRS_LIB
            CODE    24FFH     0024H     UNIT         ?PR?RESET_UART1_RX_BUFF?USART
            CODE    2523H     0020H     UNIT         ?PR?UART1INIT_115200?USART
            CODE    2543H     0020H     UNIT         ?PR?UART1INIT_9600?USART
            CODE    2563H     001CH     UNIT         ?PR?SETCURSORPOS?ST7567_LCD
            CODE    257FH     0016H     UNIT         ?PR?UART2INIT?USART
            CODE    2595H     0015H     UNIT         ?PR?_SENDDATA?USART
            CODE    25AAH     0015H     UNIT         ?PR?_GET_UART1_BUFF?USART
            CODE    25BFH     0015H     UNIT         ?PR?_STRLEN?STRLEN
            CODE    25D4H     0014H     UNIT         ?PR?TIMER0INIT?MAIN
            CODE    25E8H     0014H     UNIT         ?PR?GPIO_INIT?MAIN
            CODE    25FCH     0014H     UNIT         ?PR?A6_MODULE_RESET?A6_MODULE
            CODE    2610H     0012H     UNIT         ?PR?_HEXDUMP?GPRS_LIB
            CODE    2622H     0012H     UNIT         ?PR?HDRESET?ST7567_LCD
            CODE    2634H     0011H     UNIT         ?PR?_BEEP_ON_SECOND?DEVICE_CTRL
            CODE    2645H     0011H     UNIT         ?PR?_RELAY_ON_SECOND?DEVICE_CTRL
            CODE    2656H     0011H     UNIT         ?PR?_DELAY_MS?DELAY
            CODE    2667H     0010H     UNIT         ?PR?_GET_CSQ?GPRS_LIB
            CODE    2677H     000EH     UNIT         ?PR?DISABLEEEPROM?EEPROM
            CODE    2685H     000DH     UNIT         ?PR?TIMER3INIT?MAIN
            CODE    2692H     000CH     UNIT         ?PR?T_1MIN_HOOK?MAIN
            CODE    269EH     000BH     UNIT         ?PR?DELAY1MS?DELAY
            CODE    26A9H     000BH     UNIT         ?PR?RESET_CURSOR?ST7567_LCD
            CODE    26B4H     000AH     UNIT         ?PR?_BEEP_ON_MS?DEVICE_CTRL
            CODE    26BEH     000AH     UNIT         ?PR?_RELAY_ON_MS?DEVICE_CTRL
            CODE    26C8H     000AH     UNIT         ?PR?TCP_CLOSE?GPRS_LIB
            CODE    26D2H     000AH     UNIT         ?PR?GET_UART1_RX_BUFF_LEN?USART
            CODE    26DCH     0009H     UNIT         ?PR?T_5SEC_HOOK?MAIN
            CODE    26E5H     0009H     UNIT         ?PR?T_10SEC_HOOK?MAIN
            CODE    26EEH     0009H     UNIT         ?PR?T_10MIN_HOOK?MAIN
BL51 BANKED LINKER/LOCATER V4.13                                                      07/27/2016  00:05:06  PAGE 4


            CODE    26F7H     0008H     UNIT         ?PR?GET_EXPECTED_STR_STATUS?GPRS_LIB
            CODE    26FFH     0008H     UNIT         ?PR?INPUTBACKSPACE?ST7567_LCD
            CODE    2707H     0007H     UNIT         ?PR?_UART1_TX?UTILS_LIB
            CODE    270EH     0007H     UNIT         ?PR?_UART2_TX?UTILS_LIB
            CODE    2715H     0007H     UNIT         ?PR?GETCURSORPOS?ST7567_LCD
            CODE    271CH     0007H     UNIT         ?PR?A6_MODULE_INIT?A6_MODULE
            CODE    2723H     0006H     UNIT         ?PR?_LCD_PUTSTR?UTILS_LIB
            CODE    2729H     0006H     UNIT         ?PR?_INPUTCHAR?ST7567_LCD
            CODE    272FH     0005H     UNIT         ?PR?A6_MODULE_ON?A6_MODULE
            CODE    2734H     0005H     UNIT         ?PR?A6_MODULE_OFF?A6_MODULE
            CODE    2739H     0003H     UNIT         ?PR?BEEP_INIT?DEVICE_CTRL
            CODE    273CH     0003H     UNIT         ?PR?BEEP_ON?DEVICE_CTRL
            CODE    273FH     0003H     UNIT         ?PR?BEEP_OFF?DEVICE_CTRL
            CODE    2742H     0003H     UNIT         ?PR?RELAY_INIT?DEVICE_CTRL
            CODE    2745H     0003H     UNIT         ?PR?RELAY_ON?DEVICE_CTRL
            CODE    2748H     0003H     UNIT         ?PR?RELAY_OFF?DEVICE_CTRL
            CODE    274BH     0003H     UNIT         ?PR?_UART1_PUTS?UTILS_LIB
            CODE    274EH     0003H     UNIT         ?PR?_UART2_PUTS?UTILS_LIB
            CODE    2751H     0003H     UNIT         ?PR?_LCD_PUTSTR2?UTILS_LIB
            CODE    2754H     0003H     UNIT         ?PR?UART1INIT?USART



OVERLAY MAP OF MODULE:   grps_dtu (MAIN)


SEGMENT                                             BIT_GROUP          DATA_GROUP          XDATA_GROUP
  +--> CALLED SEGMENT                            START    LENGTH     START    LENGTH     START    LENGTH
--------------------------------------------------------------------------------------------------------
?PR?TIMER3_INT?MAIN                              -----    -----      -----    -----      -----    -----
  +--> ?PR?_UART1_TX?UTILS_LIB

?PR?_UART1_TX?UTILS_LIB                          -----    -----      -----    -----      -----    -----
  +--> ?PR?_SENDDATA?USART

?PR?_SENDDATA?USART                              -----    -----      -----    -----      -----    -----
  +--> ?PR?_TX1_WRITE2BUFF?USART
  +--> ?PR?_TX2_WRITE2BUFF?USART

*** NEW ROOT ***************************************************

?PR?UART2_INT?USART                              -----    -----      -----    -----      -----    -----
  +--> ?PR?_GPRS_RX_INT?GPRS_LIB

*** NEW ROOT ***************************************************

?C_C51STARTUP                                    -----    -----      -----    -----      -----    -----
  +--> ?PR?MAIN?MAIN
  +--> ?C_INITSEG

?PR?MAIN?MAIN                                    -----    -----      -----    -----      0359H    0003H
  +--> ?PR?_USART_CONFIGURATION?USART
  +--> ?PR?GPIO_INIT?MAIN
  +--> ?PR?BEEP_INIT?DEVICE_CTRL
  +--> ?PR?INIT_ST7567_LCD?ST7567_LCD
  +--> ?PR?LCD_CLR?UTILS_LIB
  +--> ?CO?MAIN
BL51 BANKED LINKER/LOCATER V4.13                                                      07/27/2016  00:05:06  PAGE 5


  +--> ?PR?_LCD_PUTSTR?UTILS_LIB
  +--> ?PR?DO_SENSOR_TASK?MAIN
  +--> ?PR?T_5SEC_HOOK?MAIN
  +--> ?PR?T_10SEC_HOOK?MAIN
  +--> ?PR?T_1MIN_HOOK?MAIN
  +--> ?PR?T_10MIN_HOOK?MAIN
  +--> ?PR?DO_IDLE?MAIN

?PR?_USART_CONFIGURATION?USART                   -----    -----      -----    -----      -----    -----
  +--> ?PR?UART1INIT?USART
  +--> ?PR?UART2INIT?USART

?PR?UART1INIT?USART                              -----    -----      -----    -----      -----    -----
  +--> ?PR?UART1INIT_9600?USART

?PR?INIT_ST7567_LCD?ST7567_LCD                   -----    -----      -----    -----      035CH    0001H
  +--> ?PR?HDRESET?ST7567_LCD
  +--> ?PR?_DELAY_MS?DELAY
  +--> ?PR?_WRITE_ST7567_COM?ST7567_LCD
  +--> ?PR?_WRITE_ST7567_DISPLAY_DATA_SERIAL...

?PR?HDRESET?ST7567_LCD                           -----    -----      -----    -----      -----    -----
  +--> ?PR?_DELAY_MS?DELAY

?PR?_DELAY_MS?DELAY                              -----    -----      -----    -----      -----    -----
  +--> ?PR?DELAY1MS?DELAY

?PR?LCD_CLR?UTILS_LIB                            -----    -----      -----    -----      -----    -----
  +--> ?PR?_CLEAR_SCREEN?ST7567_LCD

?PR?_CLEAR_SCREEN?ST7567_LCD                     -----    -----      -----    -----      035CH    0003H
  +--> ?PR?_WRITE_ST7567_COM?ST7567_LCD
  +--> ?PR?_WRITE_ST7567_DISPLAY_DATA_SERIAL...

?PR?_LCD_PUTSTR?UTILS_LIB                        -----    -----      -----    -----      -----    -----
  +--> ?PR?_DISPLAYSTRINGWIDTHSCREENPOS?ST75...

?PR?_DISPLAYSTRINGWIDTHSCREENPOS?ST75...      -----    -----      -----    -----      038EH    0007H
  +--> ?PR?_DISPLAYCHARWIDTHSCREENPOS?ST7567...

?PR?_DISPLAYCHARWIDTHSCREENPOS?ST7567...        -----    -----      -----    -----      0395H    000BH
  +--> ?PR?_EEPROM_READ_N?EEPROM
  +--> ?PR?_WRITE_ST7567_COM?ST7567_LCD
  +--> ?PR?_WRITE_ST7567_DISPLAY_DATA_SERIAL...

?PR?_EEPROM_READ_N?EEPROM                        -----    -----      -----    -----      03A0H    0007H
  +--> ?PR?DISABLEEEPROM?EEPROM

?PR?DO_SENSOR_TASK?MAIN                          -----    -----      -----    -----      035CH    0004H
  +--> ?PR?_READ_YS8156B_ANQI?MAIN
  +--> ?CO?MAIN
  +--> ?PR?_LCD_PUTSTR?UTILS_LIB
  +--> ?PR?_BEEP_ON_MS?DEVICE_CTRL
  +--> ?PR?_DELAY_MS?DELAY
  +--> ?PR?A6_MODULE_RESET?A6_MODULE
  +--> ?PR?_GPRS_SEND?GPRS_LIB
  +--> ?PR?A6_MODULE_OFF?A6_MODULE
BL51 BANKED LINKER/LOCATER V4.13                                                      07/27/2016  00:05:06  PAGE 6



?PR?_READ_YS8156B_ANQI?MAIN                      -----    -----      -----    -----      0360H    0009H
  +--> ?PR?RESET_UART1_RX_BUFF?USART
  +--> ?PR?_CREATE_03_PKG?MODBUS_LIB
  +--> ?CO?MAIN
  +--> ?PR?_LCD_PUTSTR?UTILS_LIB
  +--> ?PR?_HEXDUMP?GPRS_LIB
  +--> ?PR?_UART1_TX?UTILS_LIB
  +--> ?PR?_READ_03_RESPONSE_PKG?MODBUS_LIB

?PR?_CREATE_03_PKG?MODBUS_LIB                    -----    -----      -----    -----      0369H    000BH
  +--> ?PR?_GEN_CRC_16?MODBUS_LIB

?PR?_GEN_CRC_16?MODBUS_LIB                       -----    -----      -----    -----      0374H    0004H
  +--> ?CO?MODBUS_LIB

?PR?_HEXDUMP?GPRS_LIB                            -----    -----      -----    -----      0369H    0005H

?PR?_READ_03_RESPONSE_PKG?MODBUS_LIB             -----    -----      -----    -----      0369H    000BH
  +--> ?CO?MODBUS_LIB
  +--> ?PR?_LCD_PUTSTR?UTILS_LIB
  +--> ?PR?GET_UART1_RX_BUFF_LEN?USART
  +--> ?PR?_GET_UART1_BUFF?USART
  +--> ?PR?_LCD_PUTHEX?UTILS_LIB
  +--> ?PR?_GEN_CRC_16?MODBUS_LIB
  +--> ?PR?_LCD_PUTHEX_2?UTILS_LIB
  +--> ?PR?_DELAY_MS?DELAY

?PR?_LCD_PUTHEX?UTILS_LIB                        -----    -----      -----    -----      0374H    0017H
  +--> ?PR?_HEXIT?GPRS_LIB
  +--> ?PR?_DISPLAYSTRINGWIDTHSCREENPOS?ST75...

?PR?_LCD_PUTHEX_2?UTILS_LIB                      -----    -----      -----    -----      0374H    0017H
  +--> ?PR?_HEXIT?GPRS_LIB
  +--> ?PR?_DISPLAYSTRINGWIDTHSCREENPOS?ST75...

?PR?_BEEP_ON_MS?DEVICE_CTRL                      -----    -----      -----    -----      -----    -----
  +--> ?PR?_DELAY_MS?DELAY

?PR?A6_MODULE_RESET?A6_MODULE                    -----    -----      -----    -----      -----    -----
  +--> ?PR?A6_MODULE_OFF?A6_MODULE
  +--> ?PR?_DELAY_MS?DELAY
  +--> ?PR?A6_MODULE_ON?A6_MODULE

?PR?_GPRS_SEND?GPRS_LIB                          -----    -----      -----    -----      0360H    0018H
  +--> ?PR?GRPS_ATT_ACT?GPRS_LIB
  +--> ?CO?GPRS_LIB
  +--> ?PR?_LCD_PUTSTR?UTILS_LIB
  +--> ?PR?_TCP_CONNECT?GPRS_LIB
  +--> ?PR?_CREATE_DATA_PKG?GPRS_LIB
  +--> ?PR?_STRLEN?STRLEN
  +--> ?PR?PRINTF?PRINTF
  +--> ?PR?_STRCAT?STRCAT
  +--> ?PR?_TCP_SEND?GPRS_LIB
  +--> ?PR?TCP_CLOSE?GPRS_LIB
  +--> ?PR?_ATCMD?GPRS_LIB

BL51 BANKED LINKER/LOCATER V4.13                                                      07/27/2016  00:05:06  PAGE 7


?PR?GRPS_ATT_ACT?GPRS_LIB                        -----    -----      -----    -----      0378H    0002H
  +--> ?CO?GPRS_LIB
  +--> ?PR?_ATCMD?GPRS_LIB
  +--> ?PR?_LCD_PUTSTR?UTILS_LIB

?PR?_ATCMD?GPRS_LIB                              -----    -----      -----    -----      037AH    0005H
  +--> ?CO?GPRS_LIB
  +--> ?PR?_SET_EXPECTED_STR?GPRS_LIB
  +--> ?PR?_LCD_PUTSTR?UTILS_LIB
  +--> ?PR?_UART2_PUTS?UTILS_LIB
  +--> ?PR?GET_EXPECTED_STR_STATUS?GPRS_LIB
  +--> ?PR?_DELAY_MS?DELAY

?PR?_SET_EXPECTED_STR?GPRS_LIB                   -----    -----      -----    -----      -----    -----
  +--> ?PR?_STRLEN?STRLEN

?PR?_UART2_PUTS?UTILS_LIB                        -----    -----      -----    -----      -----    -----
  +--> ?PR?_PRINTSTRING2?USART

?PR?_PRINTSTRING2?USART                          -----    -----      -----    -----      038EH    0008H
  +--> ?PR?_TX2_WRITE2BUFF?USART
  +--> ?PR?_DELAY_MS?DELAY

?PR?_TCP_CONNECT?GPRS_LIB                        -----    -----      -----    -----      0378H    000BH
  +--> ?CO?GPRS_LIB
  +--> ?PR?_STRCAT?STRCAT
  +--> ?PR?PRINTF?PRINTF
  +--> ?PR?_ATCMD2?GPRS_LIB

?PR?_STRCAT?STRCAT                               -----    -----      -----    -----      0384H    0009H

?PR?PRINTF?PRINTF                                0020H.0  0001H.1    0008H    0005H      03C6H    0028H
  +--> ?PR?PUTCHAR?PUTCHAR

?PR?_ATCMD2?GPRS_LIB                             -----    -----      -----    -----      0384H    000AH
  +--> ?PR?_SET_EXPECTED_STR?GPRS_LIB
  +--> ?CO?GPRS_LIB
  +--> ?PR?_LCD_PUTSTR?UTILS_LIB
  +--> ?PR?_UART2_PUTS?UTILS_LIB
  +--> ?PR?_STRLEN?STRLEN
  +--> ?PR?_DELAY_MS?DELAY
  +--> ?PR?GET_EXPECTED_STR_STATUS?GPRS_LIB

?PR?_CREATE_DATA_PKG?GPRS_LIB                    -----    -----      -----    -----      0378H    004EH
  +--> ?CO?GPRS_LIB
  +--> ?PR?PRINTF?PRINTF
  +--> ?PR?_STRLEN?STRLEN

?PR?_TCP_SEND?GPRS_LIB                           -----    -----      -----    -----      0378H    000CH
  +--> ?CO?GPRS_LIB
  +--> ?PR?PRINTF?PRINTF
  +--> ?PR?_STRCAT?STRCAT
  +--> ?PR?_ATCMD2?GPRS_LIB

?PR?TCP_CLOSE?GPRS_LIB                           -----    -----      -----    -----      -----    -----
  +--> ?CO?GPRS_LIB
  +--> ?PR?_ATCMD?GPRS_LIB
BL51 BANKED LINKER/LOCATER V4.13                                                      07/27/2016  00:05:06  PAGE 8



?PR?T_5SEC_HOOK?MAIN                             -----    -----      -----    -----      -----    -----
  +--> ?CO?MAIN
  +--> ?PR?_LCD_PUTSTR?UTILS_LIB

?PR?T_10SEC_HOOK?MAIN                            -----    -----      -----    -----      -----    -----
  +--> ?CO?MAIN
  +--> ?PR?_LCD_PUTSTR?UTILS_LIB

?PR?T_1MIN_HOOK?MAIN                             -----    -----      -----    -----      -----    -----
  +--> ?CO?MAIN
  +--> ?PR?_LCD_PUTSTR?UTILS_LIB
  +--> ?PR?DO_SENSOR_TASK?MAIN

?PR?T_10MIN_HOOK?MAIN                            -----    -----      -----    -----      -----    -----
  +--> ?CO?MAIN
  +--> ?PR?_LCD_PUTSTR?UTILS_LIB

?PR?DO_IDLE?MAIN                                 -----    -----      -----    -----      -----    -----
  +--> ?PR?_DELAY_MS?DELAY



SYMBOL TABLE OF MODULE:  grps_dtu (MAIN)

  VALUE           TYPE          NAME
  ----------------------------------

  -------         MODULE        MAIN
  C:0000H         SYMBOL        _ICE_DUMMY_
  B:00D8H.2       PUBLIC        CCF2
  B:00E0H.7       PUBLIC        ACC7
  D:0093H         PUBLIC        P0M1
  D:0092H         PUBLIC        P1M0
  D:0096H         PUBLIC        P2M0
  D:0091H         PUBLIC        P1M1
  D:0080H         PUBLIC        P0
  D:0095H         PUBLIC        P2M1
  D:0090H         PUBLIC        P1
  D:00A0H         PUBLIC        P2
  D:00CAH         PUBLIC        P5M0
  D:00B0H         PUBLIC        P3
  X:03EEH         PUBLIC        count_1min
  B:00B0H.4       PUBLIC        T0
  B:00D0H.6       PUBLIC        AC
  D:00C9H         PUBLIC        P5M1
  D:00C0H         PUBLIC        P4
  C:1F27H         PUBLIC        timer3_int
  B:00B0H.5       PUBLIC        CLKOUT0
  B:00B0H.5       PUBLIC        T1
  D:00C8H         PUBLIC        P5
  B:00A8H.7       PUBLIC        EA
  B:00B0H.4       PUBLIC        CLKOUT1
  B:00A0H.4       PUBLIC        SPI_SS_2
  C:26E5H         PUBLIC        t_10sec_hook
  B:00C8H.4       PUBLIC        SPI_SS_3
  B:0090H.4       PUBLIC        SPI_MISO
BL51 BANKED LINKER/LOCATER V4.13                                                      07/27/2016  00:05:06  PAGE 9


  B:0090H.3       PUBLIC        SPI_MOSI
  B:0090H.1       PUBLIC        CCP0
  B:0090H.0       PUBLIC        CCP1
  B:00D8H.7       PUBLIC        CF
  B:00B0H.7       PUBLIC        CCP2
  B:00A8H.5       PUBLIC        EADC
  B:00A0H.1       PUBLIC        SPI_SCLK_2
  D:00A8H         PUBLIC        IE
  B:00C0H.3       PUBLIC        SPI_SCLK_3
  C:1170H         PUBLIC        _read_ys8156b_anqi
  C:26EEH         PUBLIC        t_10min_hook
  X:03F0H         PUBLIC        modbus_buff
  B:00D8H.6       PUBLIC        CR
  B:00B0H.7       PUBLIC        RD
  B:00A8H.4       PUBLIC        ES
  B:00B8H.5       PUBLIC        PADC
  B:00A0H.2       PUBLIC        SPI_MISO_2
  B:00A0H.3       PUBLIC        SPI_MOSI_2
  D:00B8H         PUBLIC        IP
  B:00C0H.1       PUBLIC        SPI_MISO_3
  B:00C0H.0       PUBLIC        SPI_MOSI_3
  B:0098H.0       PUBLIC        RI
  B:00B0H.2       PUBLIC        INT0
  B:00D0H.7       PUBLIC        CY
  B:0098H.1       PUBLIC        TI
  B:00B0H.3       PUBLIC        INT1
  B:0090H.0       PUBLIC        RXD2
  B:00B8H.4       PUBLIC        PS
  B:0090H.1       PUBLIC        TXD2
  D:00D8H         PUBLIC        CCON
  B:00B8H.7       PUBLIC        PPCA
  B:00D0H.2       PUBLIC        OV
  C:1A03H         PUBLIC        main
  B:00B0H.6       PUBLIC        WR
  B:00A8H.6       PUBLIC        ELVD
  B:0080H.0       PUBLIC        P00
  B:0090H.0       PUBLIC        P10
  B:0080H.1       PUBLIC        P01
  B:00A0H.0       PUBLIC        P20
  B:0090H.1       PUBLIC        P11
  B:0080H.2       PUBLIC        P02
  B:00B0H.0       PUBLIC        P30
  B:00A0H.1       PUBLIC        P21
  B:0090H.2       PUBLIC        P12
  B:0080H.3       PUBLIC        P03
  X:0430H         PUBLIC        count_10min
  B:00C0H.0       PUBLIC        P40
  B:00B0H.1       PUBLIC        P31
  B:00A0H.2       PUBLIC        P22
  B:0090H.3       PUBLIC        P13
  B:0080H.4       PUBLIC        P04
  D:0098H         PUBLIC        SCON
  X:0432H         PUBLIC        count_s5
  B:00C8H.0       PUBLIC        P50
  B:00C0H.1       PUBLIC        P41
  B:00B0H.2       PUBLIC        P32
  B:00A0H.3       PUBLIC        P23
BL51 BANKED LINKER/LOCATER V4.13                                                      07/27/2016  00:05:06  PAGE 10


  B:0090H.4       PUBLIC        P14
  B:0080H.5       PUBLIC        P05
  D:0089H         PUBLIC        TMOD
  D:0088H         PUBLIC        TCON
  B:00C8H.1       PUBLIC        P51
  B:00C0H.2       PUBLIC        P42
  B:00B0H.3       PUBLIC        P33
  B:00A0H.4       PUBLIC        P24
  B:0090H.5       PUBLIC        P15
  B:0080H.6       PUBLIC        P06
  B:00B8H.6       PUBLIC        PLVD
  B:00C8H.2       PUBLIC        P52
  B:00C0H.3       PUBLIC        P43
  B:00B0H.4       PUBLIC        P34
  B:00A0H.5       PUBLIC        P25
  B:0090H.6       PUBLIC        P16
  B:0080H.7       PUBLIC        P07
  B:00C8H.3       PUBLIC        P53
  B:00C0H.4       PUBLIC        P44
  B:00B0H.5       PUBLIC        P35
  B:00A0H.6       PUBLIC        P26
  B:0090H.7       PUBLIC        P17
  B:00C8H.4       PUBLIC        P54
  B:00C0H.5       PUBLIC        P45
  B:00B0H.6       PUBLIC        P36
  B:00A0H.7       PUBLIC        P27
  B:00C8H.5       PUBLIC        P55
  B:00C0H.6       PUBLIC        P46
  B:00B0H.7       PUBLIC        P37
  B:00C8H.6       PUBLIC        P56
  B:00C0H.7       PUBLIC        P47
  B:00C8H.7       PUBLIC        P57
  B:0088H.1       PUBLIC        IE0
  B:0088H.3       PUBLIC        IE1
  D:00F0H         PUBLIC        B
  D:008EH         PUBLIC        AUXR
  D:00E0H         PUBLIC        ACC
  C:25E8H         PUBLIC        gpio_init
  B:00A8H.1       PUBLIC        ET0
  B:00A8H.3       PUBLIC        ET1
  B:0088H.5       PUBLIC        TF0
  C:25D4H         PUBLIC        Timer0Init
  B:0088H.7       PUBLIC        TF1
  B:0098H.2       PUBLIC        RB8
  D:008CH         PUBLIC        TH0
  B:00A8H.0       PUBLIC        EX0
  B:0088H.0       PUBLIC        IT0
  C:2685H         PUBLIC        Timer3Init
  B:00A8H.2       PUBLIC        EX1
  B:0098H.3       PUBLIC        TB8
  B:0088H.2       PUBLIC        IT1
  B:00D0H.0       PUBLIC        P
  D:00D4H         PUBLIC        T3H
  B:0098H.7       PUBLIC        SM0
  D:008AH         PUBLIC        TL0
  B:0098H.6       PUBLIC        SM1
  B:0098H.5       PUBLIC        SM2
BL51 BANKED LINKER/LOCATER V4.13                                                      07/27/2016  00:05:06  PAGE 11


  D:00D5H         PUBLIC        T3L
  C:22A2H         PUBLIC        do_idle
  B:00B8H.1       PUBLIC        PT0
  B:00B8H.3       PUBLIC        PT1
  B:00D0H.3       PUBLIC        RS0
  B:0088H.4       PUBLIC        TR0
  B:00D0H.4       PUBLIC        RS1
  B:0088H.6       PUBLIC        TR1
  B:00B8H.0       PUBLIC        PX0
  B:00B8H.2       PUBLIC        PX1
  C:26DCH         PUBLIC        t_5sec_hook
  D:00D1H         PUBLIC        T4T3M
  C:2692H         PUBLIC        t_1min_hook
  X:0434H         PUBLIC        count_s10
  B:0098H.4       PUBLIC        REN
  C:1372H         PUBLIC        do_sensor_task
  B:00B0H.0       PUBLIC        RXD
  B:00B0H.1       PUBLIC        TXD
  B:00F0H.0       PUBLIC        B0
  B:00F0H.1       PUBLIC        B1
  B:00F0H.2       PUBLIC        B2
  B:0090H.2       PUBLIC        SPI_SS
  B:00F0H.3       PUBLIC        B3
  B:00F0H.4       PUBLIC        B4
  B:00D0H.5       PUBLIC        F0
  B:00F0H.5       PUBLIC        B5
  B:00D0H.1       PUBLIC        F1
  B:00F0H.6       PUBLIC        B6
  B:00E0H.0       PUBLIC        ACC0
  B:00F0H.7       PUBLIC        B7
  B:00E0H.1       PUBLIC        ACC1
  B:00E0H.2       PUBLIC        ACC2
  B:00E0H.3       PUBLIC        ACC3
  D:00D0H         PUBLIC        PSW
  B:00E0H.4       PUBLIC        ACC4
  B:0090H.5       PUBLIC        SPI_SCLK
  B:00D8H.0       PUBLIC        CCF0
  B:00E0H.5       PUBLIC        ACC5
  B:00D8H.1       PUBLIC        CCF1
  B:00E0H.6       PUBLIC        ACC6
  D:0094H         PUBLIC        P0M0
  -------         PROC          TIMER0INIT
  C:25D4H         LINE#         41
  C:25D4H         LINE#         42
  C:25D4H         LINE#         43
  C:25D7H         LINE#         44
  C:25DAH         LINE#         45
  C:25DDH         LINE#         46
  C:25E0H         LINE#         47
  C:25E3H         LINE#         48
  C:25E5H         LINE#         49
  C:25E7H         LINE#         50
  -------         ENDPROC       TIMER0INIT
  -------         PROC          TIMER3INIT
  C:2685H         LINE#         53
  C:2685H         LINE#         54
  C:2685H         LINE#         55
BL51 BANKED LINKER/LOCATER V4.13                                                      07/27/2016  00:05:06  PAGE 12


  C:2688H         LINE#         56
  C:268BH         LINE#         57
  C:268EH         LINE#         58
  C:2691H         LINE#         59
  -------         ENDPROC       TIMER3INIT
  -------         PROC          TIMER3_INT
  C:1F27H         LINE#         64
  C:1F44H         LINE#         66
  C:1F52H         LINE#         67
  C:1F60H         LINE#         68
  C:1F6EH         LINE#         70
  C:1F73H         LINE#         71
  -------         ENDPROC       TIMER3_INT
  -------         PROC          GPIO_INIT
  C:25E8H         LINE#         80
  C:25E8H         LINE#         81
  C:25E8H         LINE#         85
  C:25EBH         LINE#         86
  C:25EDH         LINE#         88
  C:25EFH         LINE#         89
  C:25F2H         LINE#         91
  C:25F4H         LINE#         92
  C:25F6H         LINE#         94
  C:25F8H         LINE#         95
  C:25FBH         LINE#         96
  -------         ENDPROC       GPIO_INIT
  -------         PROC          MAIN
  -------         DO            MAIN
  X:0359H         SYMBOL        i
  X:035AH         SYMBOL        bClearScreen
  X:035BH         SYMBOL        bCldStart
  -------         ENDDO         bCldStart
  C:1A03H         LINE#         104
  C:1A03H         LINE#         105
  C:1A03H         LINE#         107
  C:1A08H         LINE#         108
  C:1A0AH         LINE#         109
  C:1A0CH         LINE#         112
  C:1A11H         LINE#         113
  C:1A16H         LINE#         115
  C:1A19H         LINE#         116
  C:1A1CH         LINE#         117
  C:1A1FH         LINE#         119
  C:1A22H         LINE#         121
  C:1A2BH         LINE#         127
  C:1A32H         LINE#         128
  C:1A36H         LINE#         129
  C:1A3CH         LINE#         130
  C:1A42H         LINE#         136
  C:1A45H         LINE#         139
  C:1A45H         LINE#         140
  C:1A45H         LINE#         141
  C:1A54H         LINE#         142
  C:1A54H         LINE#         143
  C:1A57H         LINE#         144
  C:1A5EH         LINE#         145
  C:1A5EH         LINE#         147
BL51 BANKED LINKER/LOCATER V4.13                                                      07/27/2016  00:05:06  PAGE 13


  C:1A6DH         LINE#         148
  C:1A6DH         LINE#         149
  C:1A70H         LINE#         150
  C:1A77H         LINE#         151
  C:1A77H         LINE#         153
  C:1A86H         LINE#         154
  C:1A86H         LINE#         155
  C:1A89H         LINE#         156
  C:1A90H         LINE#         159
  C:1A90H         LINE#         161
  C:1A9FH         LINE#         162
  C:1A9FH         LINE#         163
  C:1AA2H         LINE#         164
  C:1AA9H         LINE#         165
  C:1AA9H         LINE#         168
  C:1AACH         LINE#         169
  -------         ENDPROC       MAIN
  -------         PROC          _READ_YS8156B_ANQI
  X:0360H         SYMBOL        addr
  X:0361H         SYMBOL        pu32
  -------         DO            pu32
  X:0364H         SYMBOL        pkg_len
  X:0365H         SYMBOL        ret
  X:0367H         SYMBOL        i
  -------         ENDDO         i
  C:1170H         LINE#         175
  C:117EH         LINE#         176
  C:117EH         LINE#         181
  C:1181H         LINE#         183
  C:11AFH         LINE#         184
  C:11B7H         LINE#         185
  C:11C0H         LINE#         187
  C:11C9H         LINE#         188
  C:11D9H         LINE#         190
  C:11F7H         LINE#         191
  C:1217H         LINE#         193
  C:1233H         LINE#         195
  C:123BH         LINE#         197
  C:1244H         LINE#         198
  C:1244H         LINE#         200
  C:124DH         LINE#         203
  C:126CH         LINE#         205
  C:1270H         LINE#         207
  -------         ENDPROC       _READ_YS8156B_ANQI
  -------         PROC          DO_SENSOR_TASK
  -------         DO            DO_SENSOR_TASK
  X:035CH         SYMBOL        retcode
  X:035EH         SYMBOL        n
  -------         ENDDO         n
  C:1372H         LINE#         212
  C:1372H         LINE#         213
  C:1372H         LINE#         218
  C:137CH         LINE#         219
  C:1386H         LINE#         220
  C:1390H         LINE#         221
  C:139AH         LINE#         223
  C:13ADH         LINE#         225
BL51 BANKED LINKER/LOCATER V4.13                                                      07/27/2016  00:05:06  PAGE 14


  C:13B0H         LINE#         226
  C:13B0H         LINE#         227
  C:13B9H         LINE#         228
  C:13BBH         LINE#         230
  C:13BBH         LINE#         231
  C:13C0H         LINE#         232
  C:13C7H         LINE#         233
  C:13CCH         LINE#         234
  C:13D3H         LINE#         235
  C:13D8H         LINE#         236
  C:13DFH         LINE#         238
  C:13DFH         LINE#         241
  C:13E2H         LINE#         242
  C:13EBH         LINE#         243
  C:1402H         LINE#         244
  C:1402H         LINE#         245
  C:1435H         LINE#         246
  C:1438H         LINE#         247
  C:1438H         LINE#         248
  C:1441H         LINE#         250
  C:1446H         LINE#         251
  C:1448H         LINE#         252
  C:1448H         LINE#         254
  C:1451H         LINE#         255
  C:1453H         LINE#         257
  C:145AH         LINE#         258
  C:145DH         LINE#         262
  -------         ENDPROC       DO_SENSOR_TASK
  -------         PROC          T_5SEC_HOOK
  C:26DCH         LINE#         268
  C:26DCH         LINE#         269
  C:26DCH         LINE#         270
  -------         ENDPROC       T_5SEC_HOOK
  -------         PROC          T_10SEC_HOOK
  C:26E5H         LINE#         276
  C:26E5H         LINE#         277
  C:26E5H         LINE#         278
  -------         ENDPROC       T_10SEC_HOOK
  -------         PROC          T_1MIN_HOOK
  C:2692H         LINE#         284
  C:2692H         LINE#         285
  C:2692H         LINE#         286
  C:269BH         LINE#         288
  -------         ENDPROC       T_1MIN_HOOK
  -------         PROC          T_10MIN_HOOK
  C:26EEH         LINE#         294
  C:26EEH         LINE#         295
  C:26EEH         LINE#         296
  -------         ENDPROC       T_10MIN_HOOK
  -------         PROC          DO_IDLE
  C:22A2H         LINE#         304
  C:22A2H         LINE#         305
  C:22A2H         LINE#         306
  C:22A9H         LINE#         307
  C:22B7H         LINE#         308
  C:22C5H         LINE#         309
  C:22D3H         LINE#         310
BL51 BANKED LINKER/LOCATER V4.13                                                      07/27/2016  00:05:06  PAGE 15


  C:22E1H         LINE#         313
  -------         ENDPROC       DO_IDLE
  -------         ENDMOD        MAIN

  -------         MODULE        DEVICE_CTRL
  C:0000H         SYMBOL        _ICE_DUMMY_
  B:00D8H.2       PUBLIC        CCF2
  B:00E0H.7       PUBLIC        ACC7
  C:26BEH         PUBLIC        _relay_on_ms
  D:0080H         PUBLIC        P0
  D:0090H         PUBLIC        P1
  D:00A0H         PUBLIC        P2
  D:00B0H         PUBLIC        P3
  B:00B0H.4       PUBLIC        T0
  B:00D0H.6       PUBLIC        AC
  D:00C0H         PUBLIC        P4
  B:00B0H.5       PUBLIC        CLKOUT0
  B:00B0H.5       PUBLIC        T1
  D:00C8H         PUBLIC        P5
  B:00A8H.7       PUBLIC        EA
  B:00B0H.4       PUBLIC        CLKOUT1
  B:00A0H.4       PUBLIC        SPI_SS_2
  B:00C8H.4       PUBLIC        SPI_SS_3
  B:0090H.4       PUBLIC        SPI_MISO
  B:0090H.3       PUBLIC        SPI_MOSI
  B:0090H.1       PUBLIC        CCP0
  B:0090H.0       PUBLIC        CCP1
  B:00D8H.7       PUBLIC        CF
  B:00B0H.7       PUBLIC        CCP2
  B:00A8H.5       PUBLIC        EADC
  B:00A0H.1       PUBLIC        SPI_SCLK_2
  D:00A8H         PUBLIC        IE
  B:00C0H.3       PUBLIC        SPI_SCLK_3
  B:00D8H.6       PUBLIC        CR
  B:0090H.6       PUBLIC        RELAY_CTRL
  B:00B0H.7       PUBLIC        RD
  B:00A8H.4       PUBLIC        ES
  B:00B8H.5       PUBLIC        PADC
  B:00A0H.2       PUBLIC        SPI_MISO_2
  B:00A0H.3       PUBLIC        SPI_MOSI_2
  D:00B8H         PUBLIC        IP
  B:00C0H.1       PUBLIC        SPI_MISO_3
  B:00C0H.0       PUBLIC        SPI_MOSI_3
  B:0098H.0       PUBLIC        RI
  B:00B0H.2       PUBLIC        INT0
  B:00D0H.7       PUBLIC        CY
  B:00C8H.5       PUBLIC        BEEP
  C:2634H         PUBLIC        _beep_on_second
  B:0098H.1       PUBLIC        TI
  B:00B0H.3       PUBLIC        INT1
  C:2645H         PUBLIC        _relay_on_second
  B:0090H.0       PUBLIC        RXD2
  B:00B8H.4       PUBLIC        PS
  B:0090H.1       PUBLIC        TXD2
  D:00D8H         PUBLIC        CCON
  B:00B8H.7       PUBLIC        PPCA
  B:00D0H.2       PUBLIC        OV
BL51 BANKED LINKER/LOCATER V4.13                                                      07/27/2016  00:05:06  PAGE 16


  B:00B0H.6       PUBLIC        WR
  B:00A8H.6       PUBLIC        ELVD
  B:0080H.0       PUBLIC        P00
  B:0090H.0       PUBLIC        P10
  B:0080H.1       PUBLIC        P01
  B:00A0H.0       PUBLIC        P20
  B:0090H.1       PUBLIC        P11
  B:0080H.2       PUBLIC        P02
  B:00B0H.0       PUBLIC        P30
  B:00A0H.1       PUBLIC        P21
  B:0090H.2       PUBLIC        P12
  B:0080H.3       PUBLIC        P03
  B:00C0H.0       PUBLIC        P40
  B:00B0H.1       PUBLIC        P31
  B:00A0H.2       PUBLIC        P22
  B:0090H.3       PUBLIC        P13
  B:0080H.4       PUBLIC        P04
  D:0098H         PUBLIC        SCON
  C:2739H         PUBLIC        beep_init
  B:00C8H.0       PUBLIC        P50
  B:00C0H.1       PUBLIC        P41
  B:00B0H.2       PUBLIC        P32
  B:00A0H.3       PUBLIC        P23
  B:0090H.4       PUBLIC        P14
  B:0080H.5       PUBLIC        P05
  D:0088H         PUBLIC        TCON
  B:00C8H.1       PUBLIC        P51
  B:00C0H.2       PUBLIC        P42
  B:00B0H.3       PUBLIC        P33
  B:00A0H.4       PUBLIC        P24
  B:0090H.5       PUBLIC        P15
  B:0080H.6       PUBLIC        P06
  C:2742H         PUBLIC        relay_init
  B:00B8H.6       PUBLIC        PLVD
  B:00C8H.2       PUBLIC        P52
  B:00C0H.3       PUBLIC        P43
  B:00B0H.4       PUBLIC        P34
  B:00A0H.5       PUBLIC        P25
  B:0090H.6       PUBLIC        P16
  B:0080H.7       PUBLIC        P07
  B:00C8H.3       PUBLIC        P53
  B:00C0H.4       PUBLIC        P44
  B:00B0H.5       PUBLIC        P35
  B:00A0H.6       PUBLIC        P26
  B:0090H.7       PUBLIC        P17
  B:00C8H.4       PUBLIC        P54
  B:00C0H.5       PUBLIC        P45
  B:00B0H.6       PUBLIC        P36
  B:00A0H.7       PUBLIC        P27
  B:00C8H.5       PUBLIC        P55
  B:00C0H.6       PUBLIC        P46
  B:00B0H.7       PUBLIC        P37
  C:273FH         PUBLIC        beep_off
  B:00C8H.6       PUBLIC        P56
  B:00C0H.7       PUBLIC        P47
  B:00C8H.7       PUBLIC        P57
  C:2748H         PUBLIC        relay_off
BL51 BANKED LINKER/LOCATER V4.13                                                      07/27/2016  00:05:06  PAGE 17


  B:0088H.1       PUBLIC        IE0
  B:0088H.3       PUBLIC        IE1
  D:00F0H         PUBLIC        B
  D:00E0H         PUBLIC        ACC
  B:00A8H.1       PUBLIC        ET0
  B:00A8H.3       PUBLIC        ET1
  B:0088H.5       PUBLIC        TF0
  B:0088H.7       PUBLIC        TF1
  B:0098H.2       PUBLIC        RB8
  B:00A8H.0       PUBLIC        EX0
  B:0088H.0       PUBLIC        IT0
  B:00A8H.2       PUBLIC        EX1
  B:0098H.3       PUBLIC        TB8
  B:0088H.2       PUBLIC        IT1
  B:00D0H.0       PUBLIC        P
  B:0098H.7       PUBLIC        SM0
  B:0098H.6       PUBLIC        SM1
  B:0098H.5       PUBLIC        SM2
  B:00B8H.1       PUBLIC        PT0
  B:00B8H.3       PUBLIC        PT1
  B:00D0H.3       PUBLIC        RS0
  B:0088H.4       PUBLIC        TR0
  B:00D0H.4       PUBLIC        RS1
  B:0088H.6       PUBLIC        TR1
  B:00B8H.0       PUBLIC        PX0
  B:00B8H.2       PUBLIC        PX1
  C:273CH         PUBLIC        beep_on
  C:2745H         PUBLIC        relay_on
  B:0098H.4       PUBLIC        REN
  B:00B0H.0       PUBLIC        RXD
  B:00B0H.1       PUBLIC        TXD
  B:00F0H.0       PUBLIC        B0
  B:00F0H.1       PUBLIC        B1
  B:00F0H.2       PUBLIC        B2
  B:0090H.2       PUBLIC        SPI_SS
  B:00F0H.3       PUBLIC        B3
  B:00F0H.4       PUBLIC        B4
  B:00D0H.5       PUBLIC        F0
  B:00F0H.5       PUBLIC        B5
  B:00D0H.1       PUBLIC        F1
  B:00F0H.6       PUBLIC        B6
  B:00E0H.0       PUBLIC        ACC0
  B:00F0H.7       PUBLIC        B7
  B:00E0H.1       PUBLIC        ACC1
  B:00E0H.2       PUBLIC        ACC2
  B:00E0H.3       PUBLIC        ACC3
  D:00D0H         PUBLIC        PSW
  B:00E0H.4       PUBLIC        ACC4
  B:0090H.5       PUBLIC        SPI_SCLK
  B:00D8H.0       PUBLIC        CCF0
  B:00E0H.5       PUBLIC        ACC5
  C:26B4H         PUBLIC        _beep_on_ms
  B:00D8H.1       PUBLIC        CCF1
  B:00E0H.6       PUBLIC        ACC6
  -------         PROC          BEEP_INIT
  C:2739H         LINE#         10
  C:2739H         LINE#         11
BL51 BANKED LINKER/LOCATER V4.13                                                      07/27/2016  00:05:06  PAGE 18


  C:2739H         LINE#         12
  C:273BH         LINE#         13
  -------         ENDPROC       BEEP_INIT
  -------         PROC          BEEP_ON
  C:273CH         LINE#         15
  C:273CH         LINE#         16
  C:273CH         LINE#         17
  C:273EH         LINE#         18
  -------         ENDPROC       BEEP_ON
  -------         PROC          BEEP_OFF
  C:273FH         LINE#         21
  C:273FH         LINE#         22
  C:273FH         LINE#         23
  C:2741H         LINE#         24
  -------         ENDPROC       BEEP_OFF
  -------         PROC          _BEEP_ON_MS
  D:0007H         SYMBOL        ms
  C:26B4H         LINE#         26
  C:26B4H         LINE#         27
  C:26B4H         LINE#         28
  C:26B6H         LINE#         30
  C:26BBH         LINE#         32
  C:26BDH         LINE#         33
  -------         ENDPROC       _BEEP_ON_MS
  -------         PROC          _BEEP_ON_SECOND
  D:0007H         SYMBOL        second
  C:2634H         LINE#         35
  C:2634H         LINE#         36
  C:2634H         LINE#         37
  C:2636H         LINE#         39
  C:2642H         LINE#         41
  C:2644H         LINE#         42
  -------         ENDPROC       _BEEP_ON_SECOND
  -------         PROC          RELAY_INIT
  C:2742H         LINE#         44
  C:2742H         LINE#         45
  C:2742H         LINE#         46
  C:2744H         LINE#         47
  -------         ENDPROC       RELAY_INIT
  -------         PROC          RELAY_ON
  C:2745H         LINE#         49
  C:2745H         LINE#         50
  C:2745H         LINE#         51
  C:2747H         LINE#         52
  -------         ENDPROC       RELAY_ON
  -------         PROC          RELAY_OFF
  C:2748H         LINE#         54
  C:2748H         LINE#         55
  C:2748H         LINE#         56
  C:274AH         LINE#         57
  -------         ENDPROC       RELAY_OFF
  -------         PROC          _RELAY_ON_MS
  D:0007H         SYMBOL        time
  C:26BEH         LINE#         59
  C:26BEH         LINE#         60
  C:26BEH         LINE#         61
  C:26C0H         LINE#         63
BL51 BANKED LINKER/LOCATER V4.13                                                      07/27/2016  00:05:06  PAGE 19


  C:26C5H         LINE#         65
  C:26C7H         LINE#         66
  -------         ENDPROC       _RELAY_ON_MS
  -------         PROC          _RELAY_ON_SECOND
  D:0007H         SYMBOL        second
  C:2645H         LINE#         68
  C:2645H         LINE#         69
  C:2645H         LINE#         70
  C:2647H         LINE#         72
  C:2653H         LINE#         74
  C:2655H         LINE#         75
  -------         ENDPROC       _RELAY_ON_SECOND
  -------         ENDMOD        DEVICE_CTRL

  -------         MODULE        DELAY
  C:0000H         SYMBOL        _ICE_DUMMY_
  B:00D8H.2       PUBLIC        CCF2
  B:00E0H.7       PUBLIC        ACC7
  D:0080H         PUBLIC        P0
  D:0090H         PUBLIC        P1
  D:00A0H         PUBLIC        P2
  D:00B0H         PUBLIC        P3
  B:00B0H.4       PUBLIC        T0
  B:00D0H.6       PUBLIC        AC
  D:00C0H         PUBLIC        P4
  C:269EH         PUBLIC        Delay1ms
  B:00B0H.5       PUBLIC        CLKOUT0
  B:00B0H.5       PUBLIC        T1
  D:00C8H         PUBLIC        P5
  B:00A8H.7       PUBLIC        EA
  B:00B0H.4       PUBLIC        CLKOUT1
  B:00A0H.4       PUBLIC        SPI_SS_2
  B:00C8H.4       PUBLIC        SPI_SS_3
  B:0090H.4       PUBLIC        SPI_MISO
  B:0090H.3       PUBLIC        SPI_MOSI
  B:0090H.1       PUBLIC        CCP0
  B:0090H.0       PUBLIC        CCP1
  B:00D8H.7       PUBLIC        CF
  B:00B0H.7       PUBLIC        CCP2
  B:00A8H.5       PUBLIC        EADC
  B:00A0H.1       PUBLIC        SPI_SCLK_2
  D:00A8H         PUBLIC        IE
  B:00C0H.3       PUBLIC        SPI_SCLK_3
  B:00D8H.6       PUBLIC        CR
  B:00B0H.7       PUBLIC        RD
  B:00A8H.4       PUBLIC        ES
  B:00B8H.5       PUBLIC        PADC
  B:00A0H.2       PUBLIC        SPI_MISO_2
  B:00A0H.3       PUBLIC        SPI_MOSI_2
  D:00B8H         PUBLIC        IP
  B:00C0H.1       PUBLIC        SPI_MISO_3
  B:00C0H.0       PUBLIC        SPI_MOSI_3
  B:0098H.0       PUBLIC        RI
  B:00B0H.2       PUBLIC        INT0
  B:00D0H.7       PUBLIC        CY
  B:0098H.1       PUBLIC        TI
  B:00B0H.3       PUBLIC        INT1
BL51 BANKED LINKER/LOCATER V4.13                                                      07/27/2016  00:05:06  PAGE 20


  B:0090H.0       PUBLIC        RXD2
  B:00B8H.4       PUBLIC        PS
  B:0090H.1       PUBLIC        TXD2
  D:00D8H         PUBLIC        CCON
  B:00B8H.7       PUBLIC        PPCA
  B:00D0H.2       PUBLIC        OV
  B:00B0H.6       PUBLIC        WR
  B:00A8H.6       PUBLIC        ELVD
  B:0080H.0       PUBLIC        P00
  B:0090H.0       PUBLIC        P10
  B:0080H.1       PUBLIC        P01
  B:00A0H.0       PUBLIC        P20
  B:0090H.1       PUBLIC        P11
  B:0080H.2       PUBLIC        P02
  C:2656H         PUBLIC        _delay_ms
  B:00B0H.0       PUBLIC        P30
  B:00A0H.1       PUBLIC        P21
  B:0090H.2       PUBLIC        P12
  B:0080H.3       PUBLIC        P03
  B:00C0H.0       PUBLIC        P40
  B:00B0H.1       PUBLIC        P31
  B:00A0H.2       PUBLIC        P22
  B:0090H.3       PUBLIC        P13
  B:0080H.4       PUBLIC        P04
  D:0098H         PUBLIC        SCON
  B:00C8H.0       PUBLIC        P50
  B:00C0H.1       PUBLIC        P41
  B:00B0H.2       PUBLIC        P32
  B:00A0H.3       PUBLIC        P23
  B:0090H.4       PUBLIC        P14
  B:0080H.5       PUBLIC        P05
  D:0088H         PUBLIC        TCON
  B:00C8H.1       PUBLIC        P51
  B:00C0H.2       PUBLIC        P42
  B:00B0H.3       PUBLIC        P33
  B:00A0H.4       PUBLIC        P24
  B:0090H.5       PUBLIC        P15
  B:0080H.6       PUBLIC        P06
  B:00B8H.6       PUBLIC        PLVD
  B:00C8H.2       PUBLIC        P52
  B:00C0H.3       PUBLIC        P43
  B:00B0H.4       PUBLIC        P34
  B:00A0H.5       PUBLIC        P25
  B:0090H.6       PUBLIC        P16
  B:0080H.7       PUBLIC        P07
  B:00C8H.3       PUBLIC        P53
  B:00C0H.4       PUBLIC        P44
  B:00B0H.5       PUBLIC        P35
  B:00A0H.6       PUBLIC        P26
  B:0090H.7       PUBLIC        P17
  B:00C8H.4       PUBLIC        P54
  B:00C0H.5       PUBLIC        P45
  B:00B0H.6       PUBLIC        P36
  B:00A0H.7       PUBLIC        P27
  B:00C8H.5       PUBLIC        P55
  B:00C0H.6       PUBLIC        P46
  B:00B0H.7       PUBLIC        P37
BL51 BANKED LINKER/LOCATER V4.13                                                      07/27/2016  00:05:06  PAGE 21


  B:00C8H.6       PUBLIC        P56
  B:00C0H.7       PUBLIC        P47
  B:00C8H.7       PUBLIC        P57
  B:0088H.1       PUBLIC        IE0
  B:0088H.3       PUBLIC        IE1
  D:00F0H         PUBLIC        B
  D:00E0H         PUBLIC        ACC
  B:00A8H.1       PUBLIC        ET0
  B:00A8H.3       PUBLIC        ET1
  B:0088H.5       PUBLIC        TF0
  B:0088H.7       PUBLIC        TF1
  B:0098H.2       PUBLIC        RB8
  B:00A8H.0       PUBLIC        EX0
  B:0088H.0       PUBLIC        IT0
  B:00A8H.2       PUBLIC        EX1
  B:0098H.3       PUBLIC        TB8
  B:0088H.2       PUBLIC        IT1
  B:00D0H.0       PUBLIC        P
  B:0098H.7       PUBLIC        SM0
  B:0098H.6       PUBLIC        SM1
  B:0098H.5       PUBLIC        SM2
  B:00B8H.1       PUBLIC        PT0
  B:00B8H.3       PUBLIC        PT1
  B:00D0H.3       PUBLIC        RS0
  B:0088H.4       PUBLIC        TR0
  B:00D0H.4       PUBLIC        RS1
  B:0088H.6       PUBLIC        TR1
  B:00B8H.0       PUBLIC        PX0
  B:00B8H.2       PUBLIC        PX1
  B:0098H.4       PUBLIC        REN
  B:00B0H.0       PUBLIC        RXD
  B:00B0H.1       PUBLIC        TXD
  B:00F0H.0       PUBLIC        B0
  B:00F0H.1       PUBLIC        B1
  B:00F0H.2       PUBLIC        B2
  B:0090H.2       PUBLIC        SPI_SS
  B:00F0H.3       PUBLIC        B3
  B:00F0H.4       PUBLIC        B4
  B:00D0H.5       PUBLIC        F0
  B:00F0H.5       PUBLIC        B5
  B:00D0H.1       PUBLIC        F1
  B:00F0H.6       PUBLIC        B6
  B:00E0H.0       PUBLIC        ACC0
  B:00F0H.7       PUBLIC        B7
  B:00E0H.1       PUBLIC        ACC1
  B:00E0H.2       PUBLIC        ACC2
  B:00E0H.3       PUBLIC        ACC3
  D:00D0H         PUBLIC        PSW
  B:00E0H.4       PUBLIC        ACC4
  B:0090H.5       PUBLIC        SPI_SCLK
  B:00D8H.0       PUBLIC        CCF0
  B:00E0H.5       PUBLIC        ACC5
  B:00D8H.1       PUBLIC        CCF1
  B:00E0H.6       PUBLIC        ACC6
  -------         PROC          DELAY1MS
  -------         DO            DELAY1MS
  D:0007H         SYMBOL        i
BL51 BANKED LINKER/LOCATER V4.13                                                      07/27/2016  00:05:06  PAGE 22


  D:0006H         SYMBOL        j
  -------         ENDDO         j
  C:269EH         LINE#         36
  C:269EH         LINE#         37
  C:269EH         LINE#         40
  C:269FH         LINE#         41
  C:26A0H         LINE#         42
  C:26A2H         LINE#         43
  C:26A4H         LINE#         45
  C:26A4H         LINE#         46
  C:26A6H         LINE#         47
  C:26A8H         LINE#         48
  -------         ENDPROC       DELAY1MS
  -------         PROC          _DELAY_MS
  D:0004H         SYMBOL        ms
  C:2656H         LINE#         50
  C:265AH         LINE#         51
  C:265AH         LINE#         53
  C:265AH         LINE#         54
  C:265DH         LINE#         55
  C:2666H         LINE#         56
  -------         ENDPROC       _DELAY_MS
  -------         ENDMOD        DELAY

  -------         MODULE        GPRS_LIB
  C:0000H         SYMBOL        _ICE_DUMMY_
  B:00D8H.2       PUBLIC        CCF2
  B:00E0H.7       PUBLIC        ACC7
  D:0080H         PUBLIC        P0
  D:0090H         PUBLIC        P1
  D:00A0H         PUBLIC        P2
  D:00B0H         PUBLIC        P3
  C:1C71H         PUBLIC        grps_att_act
  B:00B0H.4       PUBLIC        T0
  B:00D0H.6       PUBLIC        AC
  D:00C0H         PUBLIC        P4
  C:0026H         PUBLIC        _hexit
  B:00B0H.5       PUBLIC        CLKOUT0
  B:00B0H.5       PUBLIC        T1
  D:00C8H         PUBLIC        P5
  B:00A8H.7       PUBLIC        EA
  B:00B0H.4       PUBLIC        CLKOUT1
  B:00A0H.4       PUBLIC        SPI_SS_2
  B:00C8H.4       PUBLIC        SPI_SS_3
  B:0090H.4       PUBLIC        SPI_MISO
  B:0090H.3       PUBLIC        SPI_MOSI
  B:0090H.1       PUBLIC        CCP0
  B:0090H.0       PUBLIC        CCP1
  B:00D8H.7       PUBLIC        CF
  B:00B0H.7       PUBLIC        CCP2
  B:00A8H.5       PUBLIC        EADC
  B:00A0H.1       PUBLIC        SPI_SCLK_2
  D:00A8H         PUBLIC        IE
  B:00C0H.3       PUBLIC        SPI_SCLK_3
  X:0146H         PUBLIC        expected_str_flag
  X:0147H         PUBLIC        expected_str
  B:00D8H.6       PUBLIC        CR
BL51 BANKED LINKER/LOCATER V4.13                                                      07/27/2016  00:05:06  PAGE 23


  B:00B0H.7       PUBLIC        RD
  C:2320H         PUBLIC        _gprs_rx_int
  B:00A8H.4       PUBLIC        ES
  B:00B8H.5       PUBLIC        PADC
  B:00A0H.2       PUBLIC        SPI_MISO_2
  B:00A0H.3       PUBLIC        SPI_MOSI_2
  D:00B8H         PUBLIC        IP
  B:00C0H.1       PUBLIC        SPI_MISO_3
  B:00C0H.0       PUBLIC        SPI_MOSI_3
  X:0167H         PUBLIC        sensor_data
  B:0098H.0       PUBLIC        RI
  B:00B0H.2       PUBLIC        INT0
  B:00D0H.7       PUBLIC        CY
  B:0098H.1       PUBLIC        TI
  B:00B0H.3       PUBLIC        INT1
  C:1AB5H         PUBLIC        _atcmd2
  C:24DAH         PUBLIC        _set_expected_str
  B:0090H.0       PUBLIC        RXD2
  B:00B8H.4       PUBLIC        PS
  B:0090H.1       PUBLIC        TXD2
  D:00D8H         PUBLIC        CCON
  B:00B8H.7       PUBLIC        PPCA
  B:00D0H.2       PUBLIC        OV
  X:0177H         PUBLIC        check_index_stop
  X:0178H         PUBLIC        str_temp2
  B:00B0H.6       PUBLIC        WR
  C:0C35H         PUBLIC        _gprs_send
  B:00A8H.6       PUBLIC        ELVD
  B:0080H.0       PUBLIC        P00
  B:0090H.0       PUBLIC        P10
  B:0080H.1       PUBLIC        P01
  B:00A0H.0       PUBLIC        P20
  B:0090H.1       PUBLIC        P11
  B:0080H.2       PUBLIC        P02
  B:00B0H.0       PUBLIC        P30
  B:00A0H.1       PUBLIC        P21
  B:0090H.2       PUBLIC        P12
  B:0080H.3       PUBLIC        P03
  B:00C0H.0       PUBLIC        P40
  B:00B0H.1       PUBLIC        P31
  B:00A0H.2       PUBLIC        P22
  B:0090H.3       PUBLIC        P13
  B:0080H.4       PUBLIC        P04
  D:0098H         PUBLIC        SCON
  C:17CDH         PUBLIC        _tcp_send
  B:00C8H.0       PUBLIC        P50
  B:00C0H.1       PUBLIC        P41
  B:00B0H.2       PUBLIC        P32
  B:00A0H.3       PUBLIC        P23
  B:0090H.4       PUBLIC        P14
  B:0080H.5       PUBLIC        P05
  D:0088H         PUBLIC        TCON
  B:00C8H.1       PUBLIC        P51
  B:00C0H.2       PUBLIC        P42
  B:00B0H.3       PUBLIC        P33
  B:00A0H.4       PUBLIC        P24
  B:0090H.5       PUBLIC        P15
BL51 BANKED LINKER/LOCATER V4.13                                                      07/27/2016  00:05:06  PAGE 24


  B:0080H.6       PUBLIC        P06
  B:00B8H.6       PUBLIC        PLVD
  B:00C8H.2       PUBLIC        P52
  B:00C0H.3       PUBLIC        P43
  B:00B0H.4       PUBLIC        P34
  B:00A0H.5       PUBLIC        P25
  B:0090H.6       PUBLIC        P16
  B:0080H.7       PUBLIC        P07
  B:00C8H.3       PUBLIC        P53
  B:00C0H.4       PUBLIC        P44
  B:00B0H.5       PUBLIC        P35
  B:00A0H.6       PUBLIC        P26
  B:0090H.7       PUBLIC        P17
  B:00C8H.4       PUBLIC        P54
  B:00C0H.5       PUBLIC        P45
  B:00B0H.6       PUBLIC        P36
  B:00A0H.7       PUBLIC        P27
  B:00C8H.5       PUBLIC        P55
  B:00C0H.6       PUBLIC        P46
  B:00B0H.7       PUBLIC        P37
  B:00C8H.6       PUBLIC        P56
  B:00C0H.7       PUBLIC        P47
  B:00C8H.7       PUBLIC        P57
  C:26F7H         PUBLIC        get_expected_str_status
  B:0088H.1       PUBLIC        IE0
  B:0088H.3       PUBLIC        IE1
  D:00F0H         PUBLIC        B
  C:26C8H         PUBLIC        tcp_close
  D:00E0H         PUBLIC        ACC
  B:00A8H.1       PUBLIC        ET0
  C:2667H         PUBLIC        _get_csq
  B:00A8H.3       PUBLIC        ET1
  B:0088H.5       PUBLIC        TF0
  B:0088H.7       PUBLIC        TF1
  B:0098H.2       PUBLIC        RB8
  B:00A8H.0       PUBLIC        EX0
  B:0088H.0       PUBLIC        IT0
  B:00A8H.2       PUBLIC        EX1
  B:0098H.3       PUBLIC        TB8
  B:0088H.2       PUBLIC        IT1
  B:00D0H.0       PUBLIC        P
  B:0098H.7       PUBLIC        SM0
  B:0098H.6       PUBLIC        SM1
  B:0098H.5       PUBLIC        SM2
  B:00B8H.1       PUBLIC        PT0
  B:00B8H.3       PUBLIC        PT1
  B:00D0H.3       PUBLIC        RS0
  B:0088H.4       PUBLIC        TR0
  B:00D0H.4       PUBLIC        RS1
  B:0088H.6       PUBLIC        TR1
  B:00B8H.0       PUBLIC        PX0
  B:00B8H.2       PUBLIC        PX1
  C:2610H         PUBLIC        _hexdump
  B:0098H.4       PUBLIC        REN
  C:1E5BH         PUBLIC        _atcmd
  B:00B0H.0       PUBLIC        RXD
  B:00B0H.1       PUBLIC        TXD
BL51 BANKED LINKER/LOCATER V4.13                                                      07/27/2016  00:05:06  PAGE 25


  B:00F0H.0       PUBLIC        B0
  B:00F0H.1       PUBLIC        B1
  X:01F8H         PUBLIC        str_temp
  B:00F0H.2       PUBLIC        B2
  B:0090H.2       PUBLIC        SPI_SS
  B:00F0H.3       PUBLIC        B3
  B:00F0H.4       PUBLIC        B4
  B:00D0H.5       PUBLIC        F0
  B:00F0H.5       PUBLIC        B5
  B:00D0H.1       PUBLIC        F1
  C:1892H         PUBLIC        _tcp_connect
  B:00F0H.6       PUBLIC        B6
  B:00E0H.0       PUBLIC        ACC0
  C:0DC4H         PUBLIC        _create_data_pkg
  B:00F0H.7       PUBLIC        B7
  B:00E0H.1       PUBLIC        ACC1
  B:00E0H.2       PUBLIC        ACC2
  B:00E0H.3       PUBLIC        ACC3
  D:00D0H         PUBLIC        PSW
  B:00E0H.4       PUBLIC        ACC4
  B:0090H.5       PUBLIC        SPI_SCLK
  X:0278H         PUBLIC        check_index
  B:00D8H.0       PUBLIC        CCF0
  B:00E0H.5       PUBLIC        ACC5
  B:00D8H.1       PUBLIC        CCF1
  B:00E0H.6       PUBLIC        ACC6
  -------         PROC          _GPRS_RX_INT
  D:0007H         SYMBOL        c
  C:2320H         LINE#         27
  C:2320H         LINE#         28
  C:2320H         LINE#         32
  C:2328H         LINE#         37
  C:2339H         LINE#         38
  C:2339H         LINE#         40
  C:233FH         LINE#         41
  C:234CH         LINE#         42
  C:234CH         LINE#         44
  C:2352H         LINE#         45
  C:2352H         LINE#         46
  C:2353H         LINE#         48
  C:2353H         LINE#         49
  C:2358H         LINE#         51
  C:2358H         LINE#         55
  -------         ENDPROC       _GPRS_RX_INT
  -------         PROC          _HEXIT
  D:0007H         SYMBOL        value
  -------         DO            value
  D:0006H         SYMBOL        result
  -------         ENDDO         result
  C:0026H         LINE#         63
  C:0026H         LINE#         64
  C:0026H         LINE#         67
  C:002AH         LINE#         68
  C:0039H         LINE#         69
  C:003EH         LINE#         71
  C:0042H         LINE#         72
  -------         ENDPROC       _HEXIT
BL51 BANKED LINKER/LOCATER V4.13                                                      07/27/2016  00:05:06  PAGE 26


  -------         PROC          _HEXDUMP
  X:0369H         SYMBOL        p_buff
  X:036CH         SYMBOL        n
  C:2610H         LINE#         77
  C:2621H         LINE#         78
  C:2621H         LINE#         100
  -------         ENDPROC       _HEXDUMP
  -------         PROC          _SET_EXPECTED_STR
  D:0001H         SYMBOL        p
  C:24DAH         LINE#         105
  C:24DAH         LINE#         106
  C:24DAH         LINE#         107
  C:24DCH         LINE#         108
  C:24E5H         LINE#         109
  C:24EAH         LINE#         110
  C:24EEH         LINE#         111
  C:24FCH         LINE#         113
  C:24FEH         LINE#         114
  -------         ENDPROC       _SET_EXPECTED_STR
  -------         PROC          GET_EXPECTED_STR_STATUS
  C:26F7H         LINE#         119
  C:26F7H         LINE#         120
  C:26F7H         LINE#         121
  C:26FEH         LINE#         122
  -------         ENDPROC       GET_EXPECTED_STR_STATUS
  C:1E57H         SYMBOL        L?0060
  -------         PROC          L?0059
  -------         ENDPROC       L?0059
  C:1E57H         SYMBOL        L?0060
  -------         PROC          _ATCMD
  X:037AH         SYMBOL        at_str
  D:0004H         SYMBOL        timeout
  -------         DO            timeout
  X:037DH         SYMBOL        i
  -------         ENDDO         i
  C:1E5BH         LINE#         128
  C:1E66H         LINE#         129
  C:1E66H         LINE#         131
  C:1E77H         LINE#         132
  C:1E80H         LINE#         133
  C:1E89H         LINE#         134
  C:1E97H         LINE#         137
  C:1EA5H         LINE#         138
  C:1EA5H         LINE#         139
  C:1EAEH         LINE#         140
  C:1EAEH         LINE#         142
  C:1EB1H         LINE#         143
  C:1EB1H         LINE#         145
  C:1EB1H         LINE#         147
  C:1EB8H         LINE#         148
  C:1EB8H         LINE#         149
  C:1EBAH         LINE#         151
  C:1EBEH         LINE#         152
  -------         ENDPROC       _ATCMD
  -------         PROC          L?0061
  -------         ENDPROC       L?0061
  -------         PROC          _ATCMD2
BL51 BANKED LINKER/LOCATER V4.13                                                      07/27/2016  00:05:06  PAGE 27


  X:0384H         SYMBOL        at_str
  X:0387H         SYMBOL        wait_str
  X:038AH         SYMBOL        timeout
  -------         DO            timeout
  X:038CH         SYMBOL        i
  -------         ENDDO         i
  C:1AB5H         LINE#         157
  C:1AC0H         LINE#         158
  C:1AC0H         LINE#         160
  C:1AD5H         LINE#         161
  C:1AE3H         LINE#         163
  C:1AECH         LINE#         165
  C:1AFAH         LINE#         169
  C:1B0CH         LINE#         170
  C:1B1EH         LINE#         171
  C:1B23H         LINE#         172
  C:1B23H         LINE#         173
  C:1B31H         LINE#         174
  C:1B31H         LINE#         175
  C:1B3AH         LINE#         176
  C:1B3AH         LINE#         178
  C:1B3DH         LINE#         179
  C:1B3DH         LINE#         181
  C:1B3DH         LINE#         183
  C:1B44H         LINE#         184
  C:1B44H         LINE#         185
  C:1B46H         LINE#         187
  C:1B4AH         LINE#         189
  -------         ENDPROC       _ATCMD2
  -------         PROC          GRPS_ATT_ACT
  -------         DO            GRPS_ATT_ACT
  X:0378H         SYMBOL        retcode
  X:0379H         SYMBOL        n
  -------         ENDDO         n
  C:1C71H         LINE#         194
  C:1C71H         LINE#         195
  C:1C71H         LINE#         196
  C:1C76H         LINE#         200
  C:1C7AH         LINE#         201
  C:1C83H         LINE#         202
  C:1C83H         LINE#         203
  C:1C91H         LINE#         204
  C:1C93H         LINE#         205
  C:1C93H         LINE#         206
  C:1C93H         LINE#         207
  C:1C93H         LINE#         209
  C:1C93H         LINE#         210
  C:1C9CH         LINE#         211
  C:1C9CH         LINE#         212
  C:1C9EH         LINE#         215
  C:1CA4H         LINE#         216
  C:1CADH         LINE#         217
  C:1CADH         LINE#         218
  C:1CBBH         LINE#         219
  C:1CBDH         LINE#         220
  C:1CBDH         LINE#         221
  C:1CBDH         LINE#         222
BL51 BANKED LINKER/LOCATER V4.13                                                      07/27/2016  00:05:06  PAGE 28


  C:1CBDH         LINE#         224
  C:1CBDH         LINE#         225
  C:1CC6H         LINE#         226
  C:1CC6H         LINE#         227
  C:1CC8H         LINE#         230
  C:1CCEH         LINE#         231
  C:1CD7H         LINE#         232
  C:1CD7H         LINE#         233
  C:1CE5H         LINE#         234
  C:1CE7H         LINE#         235
  C:1CE7H         LINE#         236
  C:1CE7H         LINE#         237
  C:1CE7H         LINE#         239
  C:1CE7H         LINE#         240
  C:1CF0H         LINE#         241
  C:1CF0H         LINE#         242
  C:1CF2H         LINE#         245
  C:1CF6H         LINE#         247
  -------         ENDPROC       GRPS_ATT_ACT
  -------         PROC          _TCP_CONNECT
  X:0378H         SYMBOL        ip
  X:037BH         SYMBOL        port
  -------         DO            port
  X:037DH         SYMBOL        d
  -------         ENDDO         d
  C:1892H         LINE#         253
  C:18A3H         LINE#         254
  C:18A3H         LINE#         256
  C:18B2H         LINE#         257
  C:18D0H         LINE#         258
  C:18E7H         LINE#         259
  C:190DH         LINE#         260
  C:1924H         LINE#         261
  C:193BH         LINE#         262
  C:1952H         LINE#         264
  -------         ENDPROC       _TCP_CONNECT
  -------         PROC          _TCP_SEND
  X:0378H         SYMBOL        s
  X:037BH         SYMBOL        str_len
  -------         DO            str_len
  X:037DH         SYMBOL        retcode
  X:037EH         SYMBOL        d
  -------         ENDDO         d
  C:17CDH         LINE#         270
  C:17DEH         LINE#         271
  C:17DEH         LINE#         272
  C:17E1H         LINE#         274
  C:17F0H         LINE#         275
  C:1816H         LINE#         276
  C:182DH         LINE#         277
  C:1844H         LINE#         279
  C:1860H         LINE#         280
  C:1888H         LINE#         283
  C:188AH         LINE#         284
  C:188DH         LINE#         286
  C:1891H         LINE#         288
  -------         ENDPROC       _TCP_SEND
BL51 BANKED LINKER/LOCATER V4.13                                                      07/27/2016  00:05:06  PAGE 29


  -------         PROC          TCP_CLOSE
  C:26C8H         LINE#         294
  C:26C8H         LINE#         295
  C:26C8H         LINE#         296
  C:26D1H         LINE#         297
  -------         ENDPROC       TCP_CLOSE
  -------         PROC          _GET_CSQ
  X:0471H         SYMBOL        d
  C:2667H         LINE#         302
  C:2672H         LINE#         303
  C:2672H         LINE#         323
  C:2676H         LINE#         324
  -------         ENDPROC       _GET_CSQ
  -------         PROC          _CREATE_DATA_PKG
  X:0378H         SYMBOL        smd_id
  X:037BH         SYMBOL        p
  X:037EH         SYMBOL        n
  X:037FH         SYMBOL        p_desc
  -------         DO            p_desc
  X:0382H         SYMBOL        i
  X:0384H         SYMBOL        j
  X:0386H         SYMBOL        data_array_str
  -------         ENDDO         data_array_str
  C:0DC4H         LINE#         329
  C:0DCFH         LINE#         330
  C:0DCFH         LINE#         334
  C:0DD8H         LINE#         335
  C:0DDDH         LINE#         337
  C:0DE4H         LINE#         338
  C:0E06H         LINE#         339
  C:0E06H         LINE#         340
  C:0E16H         LINE#         341
  C:0E67H         LINE#         343
  C:0EBAH         LINE#         344
  C:0ECBH         LINE#         345
  C:0EDCH         LINE#         346
  C:0F19H         LINE#         348
  C:0F1DH         LINE#         349
  -------         ENDPROC       _CREATE_DATA_PKG
  -------         PROC          _GPRS_SEND
  X:0360H         SYMBOL        ip
  X:0363H         SYMBOL        port
  X:0365H         SYMBOL        smd_id
  X:0368H         SYMBOL        p
  X:036BH         SYMBOL        n
  -------         DO            n
  X:036CH         SYMBOL        retcode
  D:0006H         SYMBOL        n2
  X:036EH         SYMBOL        data_header
  -------         ENDDO         data_header
  C:0C35H         LINE#         356
  C:0C46H         LINE#         357
  C:0C46H         LINE#         363
  C:0C51H         LINE#         365
  C:0C59H         LINE#         366
  C:0C59H         LINE#         367
  C:0C62H         LINE#         368
BL51 BANKED LINKER/LOCATER V4.13                                                      07/27/2016  00:05:06  PAGE 30


  C:0C6BH         LINE#         369
  C:0C6BH         LINE#         381
  C:0C87H         LINE#         383
  C:0C8FH         LINE#         384
  C:0C8FH         LINE#         385
  C:0C98H         LINE#         386
  C:0CA1H         LINE#         387
  C:0CA1H         LINE#         390
  C:0CD8H         LINE#         391
  C:0CE1H         LINE#         392
  C:0CFEH         LINE#         395
  C:0D0DH         LINE#         396
  C:0D24H         LINE#         397
  C:0D33H         LINE#         399
  C:0D51H         LINE#         400
  C:0D59H         LINE#         401
  C:0D59H         LINE#         402
  C:0D62H         LINE#         403
  C:0D6BH         LINE#         404
  C:0D6BH         LINE#         407
  C:0D76H         LINE#         408
  C:0D7EH         LINE#         409
  C:0D7EH         LINE#         410
  C:0D87H         LINE#         411
  C:0D90H         LINE#         412
  C:0D90H         LINE#         415
  C:0DA5H         LINE#         416
  C:0DADH         LINE#         417
  C:0DADH         LINE#         418
  C:0DB6H         LINE#         419
  C:0DBFH         LINE#         420
  C:0DBFH         LINE#         421
  C:0DC3H         LINE#         422
  -------         ENDPROC       _GPRS_SEND
  -------         ENDMOD        GPRS_LIB

  -------         MODULE        MODBUS_LIB
  C:0000H         SYMBOL        _ICE_DUMMY_
  B:00D8H.2       PUBLIC        CCF2
  B:00E0H.7       PUBLIC        ACC7
  D:0080H         PUBLIC        P0
  D:0090H         PUBLIC        P1
  D:00A0H         PUBLIC        P2
  D:00B0H         PUBLIC        P3
  B:00B0H.4       PUBLIC        T0
  B:00D0H.6       PUBLIC        AC
  D:00C0H         PUBLIC        P4
  B:00B0H.5       PUBLIC        CLKOUT0
  B:00B0H.5       PUBLIC        T1
  D:00C8H         PUBLIC        P5
  B:00A8H.7       PUBLIC        EA
  B:00B0H.4       PUBLIC        CLKOUT1
  B:00A0H.4       PUBLIC        SPI_SS_2
  B:00C8H.4       PUBLIC        SPI_SS_3
  B:0090H.4       PUBLIC        SPI_MISO
  B:0090H.3       PUBLIC        SPI_MOSI
  B:0090H.1       PUBLIC        CCP0
BL51 BANKED LINKER/LOCATER V4.13                                                      07/27/2016  00:05:06  PAGE 31


  B:0090H.0       PUBLIC        CCP1
  B:00D8H.7       PUBLIC        CF
  B:00B0H.7       PUBLIC        CCP2
  B:00A8H.5       PUBLIC        EADC
  B:00A0H.1       PUBLIC        SPI_SCLK_2
  D:00A8H         PUBLIC        IE
  B:00C0H.3       PUBLIC        SPI_SCLK_3
  B:00D8H.6       PUBLIC        CR
  B:00B0H.7       PUBLIC        RD
  B:00A8H.4       PUBLIC        ES
  B:00B8H.5       PUBLIC        PADC
  B:00A0H.2       PUBLIC        SPI_MISO_2
  B:00A0H.3       PUBLIC        SPI_MOSI_2
  D:00B8H         PUBLIC        IP
  B:00C0H.1       PUBLIC        SPI_MISO_3
  B:00C0H.0       PUBLIC        SPI_MOSI_3
  B:0098H.0       PUBLIC        RI
  B:00B0H.2       PUBLIC        INT0
  B:00D0H.7       PUBLIC        CY
  B:0098H.1       PUBLIC        TI
  B:00B0H.3       PUBLIC        INT1
  B:0090H.0       PUBLIC        RXD2
  B:00B8H.4       PUBLIC        PS
  B:0090H.1       PUBLIC        TXD2
  D:00D8H         PUBLIC        CCON
  B:00B8H.7       PUBLIC        PPCA
  B:00D0H.2       PUBLIC        OV
  B:00B0H.6       PUBLIC        WR
  B:00A8H.6       PUBLIC        ELVD
  B:0080H.0       PUBLIC        P00
  B:0090H.0       PUBLIC        P10
  B:0080H.1       PUBLIC        P01
  B:00A0H.0       PUBLIC        P20
  B:0090H.1       PUBLIC        P11
  B:0080H.2       PUBLIC        P02
  B:00B0H.0       PUBLIC        P30
  B:00A0H.1       PUBLIC        P21
  B:0090H.2       PUBLIC        P12
  B:0080H.3       PUBLIC        P03
  B:00C0H.0       PUBLIC        P40
  B:00B0H.1       PUBLIC        P31
  B:00A0H.2       PUBLIC        P22
  B:0090H.3       PUBLIC        P13
  B:0080H.4       PUBLIC        P04
  D:0098H         PUBLIC        SCON
  B:00C8H.0       PUBLIC        P50
  B:00C0H.1       PUBLIC        P41
  B:00B0H.2       PUBLIC        P32
  B:00A0H.3       PUBLIC        P23
  B:0090H.4       PUBLIC        P14
  B:0080H.5       PUBLIC        P05
  D:0088H         PUBLIC        TCON
  B:00C8H.1       PUBLIC        P51
  B:00C0H.2       PUBLIC        P42
  B:00B0H.3       PUBLIC        P33
  B:00A0H.4       PUBLIC        P24
  B:0090H.5       PUBLIC        P15
BL51 BANKED LINKER/LOCATER V4.13                                                      07/27/2016  00:05:06  PAGE 32


  B:0080H.6       PUBLIC        P06
  B:00B8H.6       PUBLIC        PLVD
  B:00C8H.2       PUBLIC        P52
  B:00C0H.3       PUBLIC        P43
  B:00B0H.4       PUBLIC        P34
  B:00A0H.5       PUBLIC        P25
  B:0090H.6       PUBLIC        P16
  B:0080H.7       PUBLIC        P07
  B:00C8H.3       PUBLIC        P53
  B:00C0H.4       PUBLIC        P44
  B:00B0H.5       PUBLIC        P35
  B:00A0H.6       PUBLIC        P26
  B:0090H.7       PUBLIC        P17
  B:00C8H.4       PUBLIC        P54
  B:00C0H.5       PUBLIC        P45
  B:00B0H.6       PUBLIC        P36
  B:00A0H.7       PUBLIC        P27
  B:00C8H.5       PUBLIC        P55
  B:00C0H.6       PUBLIC        P46
  B:00B0H.7       PUBLIC        P37
  C:0A66H         PUBLIC        _read_03_response_pkg
  B:00C8H.6       PUBLIC        P56
  B:00C0H.7       PUBLIC        P47
  B:00C8H.7       PUBLIC        P57
  B:0088H.1       PUBLIC        IE0
  C:1953H         PUBLIC        _create_03_pkg
  B:0088H.3       PUBLIC        IE1
  D:00F0H         PUBLIC        B
  D:00E0H         PUBLIC        ACC
  B:00A8H.1       PUBLIC        ET0
  B:00A8H.3       PUBLIC        ET1
  B:0088H.5       PUBLIC        TF0
  B:0088H.7       PUBLIC        TF1
  B:0098H.2       PUBLIC        RB8
  B:00A8H.0       PUBLIC        EX0
  B:0088H.0       PUBLIC        IT0
  B:00A8H.2       PUBLIC        EX1
  B:0098H.3       PUBLIC        TB8
  B:0088H.2       PUBLIC        IT1
  B:00D0H.0       PUBLIC        P
  B:0098H.7       PUBLIC        SM0
  B:0098H.6       PUBLIC        SM1
  B:0098H.5       PUBLIC        SM2
  B:00B8H.1       PUBLIC        PT0
  B:00B8H.3       PUBLIC        PT1
  B:00D0H.3       PUBLIC        RS0
  B:0088H.4       PUBLIC        TR0
  B:00D0H.4       PUBLIC        RS1
  B:0088H.6       PUBLIC        TR1
  B:00B8H.0       PUBLIC        PX0
  B:00B8H.2       PUBLIC        PX1
  B:0098H.4       PUBLIC        REN
  B:00B0H.0       PUBLIC        RXD
  B:00B0H.1       PUBLIC        TXD
  B:00F0H.0       PUBLIC        B0
  B:00F0H.1       PUBLIC        B1
  B:00F0H.2       PUBLIC        B2
BL51 BANKED LINKER/LOCATER V4.13                                                      07/27/2016  00:05:06  PAGE 33


  B:0090H.2       PUBLIC        SPI_SS
  B:00F0H.3       PUBLIC        B3
  B:00F0H.4       PUBLIC        B4
  B:00D0H.5       PUBLIC        F0
  B:00F0H.5       PUBLIC        B5
  B:00D0H.1       PUBLIC        F1
  B:00F0H.6       PUBLIC        B6
  B:00E0H.0       PUBLIC        ACC0
  B:00F0H.7       PUBLIC        B7
  B:00E0H.1       PUBLIC        ACC1
  B:00E0H.2       PUBLIC        ACC2
  B:00E0H.3       PUBLIC        ACC3
  D:00D0H         PUBLIC        PSW
  B:00E0H.4       PUBLIC        ACC4
  B:0090H.5       PUBLIC        SPI_SCLK
  C:221BH         PUBLIC        _gen_crc_16
  B:00D8H.0       PUBLIC        CCF0
  B:00E0H.5       PUBLIC        ACC5
  B:00D8H.1       PUBLIC        CCF1
  B:00E0H.6       PUBLIC        ACC6
  -------         PROC          _CREATE_03_PKG
  X:0369H         SYMBOL        buff
  D:0005H         SYMBOL        addr
  X:036DH         SYMBOL        start
  X:036FH         SYMBOL        lens
  X:0371H         SYMBOL        p_pkg_len
  -------         DO            p_pkg_len
  D:0004H         SYMBOL        crc
  -------         ENDDO         crc
  C:1953H         LINE#         19
  C:195EH         LINE#         20
  C:195EH         LINE#         24
  C:197BH         LINE#         25
  C:1980H         LINE#         27
  C:198FH         LINE#         28
  C:19A2H         LINE#         29
  C:19ACH         LINE#         30
[...]
  B:0090H.5       PUBLIC        SPI_SCLK
  B:00D8H.0       PUBLIC        CCF0
  B:00E0H.5       PUBLIC        ACC5
  B:00D8H.1       PUBLIC        CCF1
  B:00E0H.6       PUBLIC        ACC6
  -------         PROC          UART1INIT_115200
  C:2523H         LINE#         16
  C:2523H         LINE#         17
  C:2523H         LINE#         19
  C:2526H         LINE#         21
  C:2529H         LINE#         22
  C:252CH         LINE#         23
  C:252FH         LINE#         24
  C:2532H         LINE#         25
  C:2535H         LINE#         26
  C:2538H         LINE#         27
  C:253AH         LINE#         28
  C:253CH         LINE#         31
  C:253EH         LINE#         32
  C:2540H         LINE#         33
  C:2542H         LINE#         34
  -------         ENDPROC       UART1INIT_115200
  -------         PROC          UART1INIT_9600
  C:2543H         LINE#         36
  C:2543H         LINE#         37
  C:2543H         LINE#         39
  C:2546H         LINE#         41
  C:2549H         LINE#         42
  C:254CH         LINE#         43
  C:254FH         LINE#         44
  C:2552H         LINE#         45
  C:2555H         LINE#         46
  C:2558H         LINE#         47
  C:255AH         LINE#         48
  C:255CH         LINE#         50
  C:255EH         LINE#         51
  C:2560H         LINE#         52
  C:2562H         LINE#         55
  -------         ENDPROC       UART1INIT_9600
  -------         PROC          UART1INIT
  C:2754H         LINE#         57
  C:2754H         LINE#         58
  C:2754H         LINE#         59
  -------         ENDPROC       UART1INIT
BL51 BANKED LINKER/LOCATER V4.13                                                      07/27/2016  00:05:06  PAGE 60


  -------         PROC          UART2INIT
  C:257FH         LINE#         62
  C:257FH         LINE#         63
  C:257FH         LINE#         64
  C:2582H         LINE#         66
  C:2585H         LINE#         67
  C:2588H         LINE#         68
  C:258BH         LINE#         69
  C:258EH         LINE#         70
  C:2591H         LINE#         72
  C:2594H         LINE#         73
  -------         ENDPROC       UART2INIT
  -------         PROC          _USART_CONFIGURATION
  D:0005H         SYMBOL        UARTx
  -------         DO            UARTx
  D:0006H         SYMBOL        i
  -------         ENDDO         i
  C:145EH         LINE#         75
  C:1460H         LINE#         76
  C:1460H         LINE#         79
  C:1465H         LINE#         80
  C:1465H         LINE#         81
  C:146AH         LINE#         82
  C:146DH         LINE#         83
  C:146FH         LINE#         84
  C:1471H         LINE#         85
  C:1475H         LINE#         86
  C:1477H         LINE#         87
  C:1479H         LINE#         89
  C:1488H         LINE#         90
  C:1495H         LINE#         92
  C:1497H         LINE#         93
  C:14B0H         LINE#         94
  C:14B2H         LINE#         95
  C:14CBH         LINE#         97
  C:14CEH         LINE#         99
  C:14D1H         LINE#         100
  C:14D1H         LINE#         101
  C:14D6H         LINE#         102
  C:14D6H         LINE#         103
  C:14DCH         LINE#         104
  C:14DFH         LINE#         105
  C:14E1H         LINE#         106
  C:14E3H         LINE#         108
  C:14E7H         LINE#         109
  C:14E9H         LINE#         110
  C:14EBH         LINE#         112
  C:14FAH         LINE#         113
  C:1507H         LINE#         115
  C:1509H         LINE#         116
  C:1522H         LINE#         117
  C:1524H         LINE#         118
  C:153DH         LINE#         120
  C:1540H         LINE#         121
  C:1540H         LINE#         123
  C:1542H         LINE#         124
  -------         ENDPROC       _USART_CONFIGURATION
BL51 BANKED LINKER/LOCATER V4.13                                                      07/27/2016  00:05:06  PAGE 61


  -------         PROC          _RESETTXBUFFER
  D:0007H         SYMBOL        UARTx
  -------         DO            UARTx
  D:0006H         SYMBOL        i
  -------         ENDDO         i
  C:0046H         LINE#         128
  C:0046H         LINE#         129
  C:0046H         LINE#         132
  C:004AH         LINE#         133
  C:004AH         LINE#         134
  C:004FH         LINE#         135
  C:0051H         LINE#         136
  C:0053H         LINE#         138
  C:0054H         LINE#         139
  C:006EH         LINE#         141
  C:006EH         LINE#         142
  C:0072H         LINE#         143
  C:0072H         LINE#         144
  C:0077H         LINE#         145
  C:0079H         LINE#         146
  C:007BH         LINE#         148
  C:007CH         LINE#         149
  C:0095H         LINE#         150
  C:0095H         LINE#         151
  -------         ENDPROC       _RESETTXBUFFER
  -------         PROC          _TX1_WRITE2BUFF
  D:0007H         SYMBOL        dat
  C:2426H         LINE#         153
  C:2426H         LINE#         154
  C:2426H         LINE#         155
  C:243EH         LINE#         157
  C:2444H         LINE#         159
  C:244AH         LINE#         160
  C:244CH         LINE#         162
  C:2452H         LINE#         163
  C:2452H         LINE#         164
  C:2454H         LINE#         165
  C:2456H         LINE#         166
  C:2456H         LINE#         167
  -------         ENDPROC       _TX1_WRITE2BUFF
  -------         PROC          _TX2_WRITE2BUFF
  D:0007H         SYMBOL        dat
  C:23F4H         LINE#         169
  C:23F4H         LINE#         170
  C:23F4H         LINE#         171
  C:240CH         LINE#         173
  C:2412H         LINE#         175
  C:2418H         LINE#         176
  C:241AH         LINE#         178
  C:2420H         LINE#         179
  C:2420H         LINE#         180
  C:2422H         LINE#         181
  C:2425H         LINE#         182
  C:2425H         LINE#         183
  -------         ENDPROC       _TX2_WRITE2BUFF
  -------         PROC          _PRINTSTRING1
  X:0455H         SYMBOL        str
BL51 BANKED LINKER/LOCATER V4.13                                                      07/27/2016  00:05:06  PAGE 62


  -------         DO            str
  X:0458H         SYMBOL        st_p
  X:045BH         SYMBOL        i
  -------         ENDDO         i
  C:20A3H         LINE#         186
  C:20AEH         LINE#         187
  C:20AEH         LINE#         188
  C:20B7H         LINE#         189
  C:20BCH         LINE#         191
  C:20D8H         LINE#         192
  C:20D8H         LINE#         194
  C:20DBH         LINE#         196
  C:20E9H         LINE#         197
  C:20F0H         LINE#         198
  C:20F2H         LINE#         199
  -------         ENDPROC       _PRINTSTRING1
  -------         PROC          _PRINTSTRING2
  X:038EH         SYMBOL        str
  -------         DO            str
  X:0391H         SYMBOL        st_p
  X:0394H         SYMBOL        i
  -------         ENDDO         i
  C:20F3H         LINE#         201
  C:20FEH         LINE#         202
  C:20FEH         LINE#         203
  C:2107H         LINE#         204
  C:210CH         LINE#         206
  C:2128H         LINE#         207
  C:2128H         LINE#         209
  C:212BH         LINE#         211
  C:2139H         LINE#         212
  C:2140H         LINE#         213
  C:2142H         LINE#         214
  -------         ENDPROC       _PRINTSTRING2
  -------         PROC          _COMX_WRITE2BUFF
  X:0474H         SYMBOL        COMx
  D:0005H         SYMBOL        dat
  C:2486H         LINE#         217
  C:2491H         LINE#         218
  C:2491H         LINE#         219
  C:249CH         LINE#         220
  C:24B2H         LINE#         221
  -------         ENDPROC       _COMX_WRITE2BUFF
  -------         PROC          _SENDDATA
  D:0006H         SYMBOL        UARTx
  D:0005H         SYMBOL        dat
  C:2595H         LINE#         224
  C:2597H         LINE#         225
  C:2597H         LINE#         226
  C:259BH         LINE#         227
  C:25A0H         LINE#         228
  C:25A4H         LINE#         229
  C:25A9H         LINE#         230
  -------         ENDPROC       _SENDDATA
  -------         PROC          _SENDSTRING
  X:046DH         SYMBOL        UARTx
  X:046EH         SYMBOL        puts
BL51 BANKED LINKER/LOCATER V4.13                                                      07/27/2016  00:05:06  PAGE 63


  C:2359H         LINE#         232
  C:2367H         LINE#         233
  C:2367H         LINE#         234
  C:236EH         LINE#         235
  C:237AH         LINE#         236
  C:2381H         LINE#         237
  C:238DH         LINE#         238
  -------         ENDPROC       _SENDSTRING
  -------         PROC          RESET_UART1_RX_BUFF
  -------         DO            RESET_UART1_RX_BUFF
  D:0007H         SYMBOL        i
  -------         ENDDO         i
  C:24FFH         LINE#         255
  C:24FFH         LINE#         256
  C:24FFH         LINE#         259
  C:2501H         LINE#         260
  C:2506H         LINE#         262
  C:2507H         LINE#         263
  C:2520H         LINE#         264
  C:2522H         LINE#         265
  -------         ENDPROC       RESET_UART1_RX_BUFF
  -------         PROC          GET_UART1_RX_BUFF_LEN
  -------         DO            GET_UART1_RX_BUFF_LEN
  D:0007H         SYMBOL        i
  -------         ENDDO         i
  C:26D2H         LINE#         268
  C:26D2H         LINE#         269
  C:26D2H         LINE#         271
  C:26D4H         LINE#         272
  C:26D9H         LINE#         273
  C:26DBH         LINE#         274
  C:26DBH         LINE#         275
  -------         ENDPROC       GET_UART1_RX_BUFF_LEN
  -------         PROC          _GET_UART1_BUFF
  D:0007H         SYMBOL        i
  C:25AAH         LINE#         277
  C:25AAH         LINE#         278
  C:25AAH         LINE#         279
  C:25BEH         LINE#         280
  -------         ENDPROC       _GET_UART1_BUFF
  -------         PROC          UART1_INT
  C:1B4BH         LINE#         284
  C:1B62H         LINE#         286
  C:1B65H         LINE#         287
  C:1B65H         LINE#         288
  C:1B67H         LINE#         289
  C:1B6DH         LINE#         290
  C:1B6DH         LINE#         291
  C:1B76H         LINE#         292
  C:1B78H         LINE#         294
  C:1B94H         LINE#         297
  C:1B94H         LINE#         298
  C:1B94H         LINE#         300
  C:1B97H         LINE#         301
  C:1B97H         LINE#         302
  C:1B99H         LINE#         303
  C:1BA6H         LINE#         304
BL51 BANKED LINKER/LOCATER V4.13                                                      07/27/2016  00:05:06  PAGE 64


  C:1BA6H         LINE#         305
  C:1BBBH         LINE#         307
  C:1BC1H         LINE#         309
  C:1BC7H         LINE#         310
  C:1BC7H         LINE#         311
  C:1BC9H         LINE#         312
  C:1BC9H         LINE#         313
  C:1BCBH         LINE#         315
  C:1BCBH         LINE#         316
  C:1BD0H         LINE#         317
  C:1BD0H         LINE#         318
  C:1BD0H         LINE#         320
  -------         ENDPROC       UART1_INT
  -------         PROC          UART2_INT
  -------         DO            UART2_INT
  D:0007H         SYMBOL        c
  -------         ENDDO         c
  C:1CF7H         LINE#         324
  C:1D14H         LINE#         329
  C:1D19H         LINE#         330
  C:1D19H         LINE#         331
  C:1D1CH         LINE#         332
  C:1D1EH         LINE#         333
  C:1D21H         LINE#         334
  C:1D21H         LINE#         336
  C:1D26H         LINE#         337
  C:1D26H         LINE#         338
  C:1D29H         LINE#         340
  C:1D36H         LINE#         341
  C:1D36H         LINE#         342
  C:1D4BH         LINE#         344
  C:1D51H         LINE#         346
  C:1D57H         LINE#         347
  C:1D57H         LINE#         348
  C:1D59H         LINE#         349
  C:1D59H         LINE#         350
  C:1D5BH         LINE#         352
  C:1D5BH         LINE#         353
  C:1D60H         LINE#         354
  C:1D60H         LINE#         355
  C:1D60H         LINE#         357
  -------         ENDPROC       UART2_INT
  -------         ENDMOD        USART

  -------         MODULE        ?C?COPY
  C:016EH         PUBLIC        ?C?COPY
  -------         ENDMOD        ?C?COPY

  -------         MODULE        ?C?CLDPTR
  C:0194H         PUBLIC        ?C?CLDPTR
  -------         ENDMOD        ?C?CLDPTR

  -------         MODULE        ?C?CLDOPTR
  C:01ADH         PUBLIC        ?C?CLDOPTR
  -------         ENDMOD        ?C?CLDOPTR

  -------         MODULE        ?C?CSTPTR
BL51 BANKED LINKER/LOCATER V4.13                                                      07/27/2016  00:05:06  PAGE 65


  C:01DAH         PUBLIC        ?C?CSTPTR
  -------         ENDMOD        ?C?CSTPTR

  -------         MODULE        ?C?CSTOPTR
  C:01ECH         PUBLIC        ?C?CSTOPTR
  -------         ENDMOD        ?C?CSTOPTR

  -------         MODULE        ?C?IMUL
  C:020EH         PUBLIC        ?C?IMUL
  -------         ENDMOD        ?C?IMUL

  -------         MODULE        ?C?SIDIV
  C:0220H         PUBLIC        ?C?SIDIV
  -------         ENDMOD        ?C?SIDIV

  -------         MODULE        ?C?IILDX
  C:0256H         PUBLIC        ?C?IILDX
  -------         ENDMOD        ?C?IILDX

  -------         MODULE        ?C?ILDIX
  C:026CH         PUBLIC        ?C?ILDIX
  -------         ENDMOD        ?C?ILDIX

  -------         MODULE        ?C?LLDOPTR
  C:0282H         PUBLIC        ?C?LLDOPTR
  -------         ENDMOD        ?C?LLDOPTR

  -------         MODULE        ?C?LSTPTR
  C:02B2H         PUBLIC        ?C?LSTPTR
  -------         ENDMOD        ?C?LSTPTR

  -------         MODULE        ?C?LSTXDATA
  C:02CCH         PUBLIC        ?C?LSTXDATA
  -------         ENDMOD        ?C?LSTXDATA

  -------         MODULE        ?C?LSTKXDATA
  C:02D8H         PUBLIC        ?C?LSTKXDATA
  -------         ENDMOD        ?C?LSTKXDATA

  -------         MODULE        PRINTF
  X:03C6H         PUBLIC        ?_PRINTF517?BYTE
  X:03C6H         PUBLIC        ?_PRINTF?BYTE
  X:03C6H         PUBLIC        ?_SPRINTF517?BYTE
  X:03C6H         PUBLIC        ?_SPRINTF?BYTE
  C:0544H         PUBLIC        _PRINTF
  C:0544H         PUBLIC        _PRINTF517
  C:053EH         PUBLIC        _SPRINTF
  C:053EH         PUBLIC        _SPRINTF517
  -------         ENDMOD        PRINTF

  -------         MODULE        STRCAT
  X:0384H         PUBLIC        ?_strcat?BYTE
  C:1DECH         PUBLIC        _strcat
  -------         ENDMOD        STRCAT

  -------         MODULE        ?C?STRCPY
  C:03D5H         PUBLIC        ?C?STRCPY
BL51 BANKED LINKER/LOCATER V4.13                                                      07/27/2016  00:05:06  PAGE 66


  -------         ENDMOD        ?C?STRCPY

  -------         MODULE        STRLEN
  C:25BFH         PUBLIC        _STRLEN
  -------         ENDMOD        STRLEN

  -------         MODULE        ?C?UIDIV
  C:03F2H         PUBLIC        ?C?UIDIV
  -------         ENDMOD        ?C?UIDIV

  -------         MODULE        ?C?LLDIDATA
  C:0447H         PUBLIC        ?C?LLDIDATA
  -------         ENDMOD        ?C?LLDIDATA

  -------         MODULE        ?C?LLDXDATA
  C:0453H         PUBLIC        ?C?LLDXDATA
  -------         ENDMOD        ?C?LLDXDATA

  -------         MODULE        ?C?LLDPDATA
  C:045FH         PUBLIC        ?C?LLDPDATA
  -------         ENDMOD        ?C?LLDPDATA

  -------         MODULE        ?C?LLDCODE
  C:046BH         PUBLIC        ?C?LLDCODE
  -------         ENDMOD        ?C?LLDCODE

  -------         MODULE        ?C?LSTIDATA
  C:047BH         PUBLIC        ?C?LSTIDATA
  -------         ENDMOD        ?C?LSTIDATA

  -------         MODULE        ?C?LSTPDATA
  C:0487H         PUBLIC        ?C?LSTPDATA
  -------         ENDMOD        ?C?LSTPDATA

  -------         MODULE        ?C?PLDIXDATA
  C:0493H         PUBLIC        ?C?PLDIXDATA
  -------         ENDMOD        ?C?PLDIXDATA

  -------         MODULE        ?C?PSTXDATA
  C:04AAH         PUBLIC        ?C?PSTXDATA
  -------         ENDMOD        ?C?PSTXDATA

  -------         MODULE        ?C?CCASE
  C:04B3H         PUBLIC        ?C?CCASE
  -------         ENDMOD        ?C?CCASE

  -------         MODULE        PUTCHAR
  C:24B3H         PUBLIC        _PUTCHAR
  -------         ENDMOD        PUTCHAR

*** WARNING L16: UNCALLED SEGMENT, IGNORED FOR OVERLAY PROCESS
    SEGMENT: ?PR?TIMER0INIT?MAIN

*** WARNING L16: UNCALLED SEGMENT, IGNORED FOR OVERLAY PROCESS
    SEGMENT: ?PR?TIMER3INIT?MAIN

*** WARNING L16: UNCALLED SEGMENT, IGNORED FOR OVERLAY PROCESS
BL51 BANKED LINKER/LOCATER V4.13                                                      07/27/2016  00:05:06  PAGE 67


    SEGMENT: ?PR?BEEP_ON?DEVICE_CTRL

*** WARNING L16: UNCALLED SEGMENT, IGNORED FOR OVERLAY PROCESS
    SEGMENT: ?PR?BEEP_OFF?DEVICE_CTRL

*** WARNING L16: UNCALLED SEGMENT, IGNORED FOR OVERLAY PROCESS
    SEGMENT: ?PR?_BEEP_ON_SECOND?DEVICE_CTRL

*** WARNING L16: UNCALLED SEGMENT, IGNORED FOR OVERLAY PROCESS
    SEGMENT: ?PR?RELAY_INIT?DEVICE_CTRL

*** WARNING L16: UNCALLED SEGMENT, IGNORED FOR OVERLAY PROCESS
    SEGMENT: ?PR?RELAY_ON?DEVICE_CTRL

*** WARNING L16: UNCALLED SEGMENT, IGNORED FOR OVERLAY PROCESS
    SEGMENT: ?PR?RELAY_OFF?DEVICE_CTRL

*** WARNING L16: UNCALLED SEGMENT, IGNORED FOR OVERLAY PROCESS
    SEGMENT: ?PR?_RELAY_ON_MS?DEVICE_CTRL

*** WARNING L16: UNCALLED SEGMENT, IGNORED FOR OVERLAY PROCESS
    SEGMENT: ?PR?_RELAY_ON_SECOND?DEVICE_CTRL

*** WARNING L16: UNCALLED SEGMENT, IGNORED FOR OVERLAY PROCESS
    SEGMENT: ?PR?_GET_CSQ?GPRS_LIB

*** WARNING L16: UNCALLED SEGMENT, IGNORED FOR OVERLAY PROCESS
    SEGMENT: ?PR?_UART2_TX?UTILS_LIB

*** WARNING L16: UNCALLED SEGMENT, IGNORED FOR OVERLAY PROCESS
    SEGMENT: ?PR?_UART1_PUTS?UTILS_LIB

*** WARNING L16: UNCALLED SEGMENT, IGNORED FOR OVERLAY PROCESS
    SEGMENT: ?PR?_LCD_PUTSTR2?UTILS_LIB

*** WARNING L16: UNCALLED SEGMENT, IGNORED FOR OVERLAY PROCESS
    SEGMENT: ?PR?_EEPROM_SECTORERASE?EEPROM

*** WARNING L16: UNCALLED SEGMENT, IGNORED FOR OVERLAY PROCESS
    SEGMENT: ?PR?_EEPROM_WRITE_N?EEPROM

*** WARNING L16: UNCALLED SEGMENT, IGNORED FOR OVERLAY PROCESS
    SEGMENT: ?PR?RESET_CURSOR?ST7567_LCD

*** WARNING L16: UNCALLED SEGMENT, IGNORED FOR OVERLAY PROCESS
    SEGMENT: ?PR?_DISPLAYSTRING?ST7567_LCD

*** WARNING L16: UNCALLED SEGMENT, IGNORED FOR OVERLAY PROCESS
    SEGMENT: ?PR?_INPUTCHAR?ST7567_LCD

*** WARNING L16: UNCALLED SEGMENT, IGNORED FOR OVERLAY PROCESS
    SEGMENT: ?PR?_INPUTSTRING?ST7567_LCD

*** WARNING L16: UNCALLED SEGMENT, IGNORED FOR OVERLAY PROCESS
    SEGMENT: ?PR?INPUTBACKSPACE?ST7567_LCD

*** WARNING L16: UNCALLED SEGMENT, IGNORED FOR OVERLAY PROCESS
BL51 BANKED LINKER/LOCATER V4.13                                                      07/27/2016  00:05:06  PAGE 68


    SEGMENT: ?PR?A6_MODULE_INIT?A6_MODULE

*** WARNING L16: UNCALLED SEGMENT, IGNORED FOR OVERLAY PROCESS
    SEGMENT: ?PR?UART1INIT_115200?USART

*** WARNING L16: UNCALLED SEGMENT, IGNORED FOR OVERLAY PROCESS
    SEGMENT: ?PR?_RESETTXBUFFER?USART

*** WARNING L16: UNCALLED SEGMENT, IGNORED FOR OVERLAY PROCESS
    SEGMENT: ?PR?_COMX_WRITE2BUFF?USART

*** WARNING L16: UNCALLED SEGMENT, IGNORED FOR OVERLAY PROCESS
    SEGMENT: ?PR?_SENDSTRING?USART

LINK/LOCATE RUN COMPLETE.  26 WARNING(S),  0 ERROR(S)
